Component: ARM Compiler 5.06 update 7 (build 960) Tool: armlink [4d3601]

==============================================================================

Section Cross References

    startup_stm32f429_439xx.o(RESET) refers to startup_stm32f429_439xx.o(STACK) for __initial_sp
    startup_stm32f429_439xx.o(RESET) refers to startup_stm32f429_439xx.o(.text) for Reset_Handler
    startup_stm32f429_439xx.o(RESET) refers to bsp_general_tim.o(i.TIM2_IRQHandler) for TIM2_IRQHandler
    startup_stm32f429_439xx.o(RESET) refers to bsp_rs232_usart.o(i.USART6_IRQHandler) for USART6_IRQHandler
    startup_stm32f429_439xx.o(.text) refers to system_stm32f4xx.o(i.SystemInit) for SystemInit
    startup_stm32f429_439xx.o(.text) refers to entry.o(.ARM.Collect$$$$00000000) for __main
    stm32f4xx_gpio.o(i.GPIO_DeInit) refers to stm32f4xx_rcc.o(i.RCC_AHB1PeriphResetCmd) for RCC_AHB1PeriphResetCmd
    stm32f4xx_rcc.o(i.RCC_GetClocksFreq) refers to stm32f4xx_rcc.o(.data) for .data
    stm32f4xx_rcc.o(i.RCC_WaitForHSEStartUp) refers to stm32f4xx_rcc.o(i.RCC_GetFlagStatus) for RCC_GetFlagStatus
    stm32f4xx_usart.o(i.USART_DeInit) refers to stm32f4xx_rcc.o(i.RCC_APB2PeriphResetCmd) for RCC_APB2PeriphResetCmd
    stm32f4xx_usart.o(i.USART_DeInit) refers to stm32f4xx_rcc.o(i.RCC_APB1PeriphResetCmd) for RCC_APB1PeriphResetCmd
    stm32f4xx_usart.o(i.USART_Init) refers to stm32f4xx_rcc.o(i.RCC_GetClocksFreq) for RCC_GetClocksFreq
    stm32f4xx_tim.o(i.TIM_DeInit) refers to stm32f4xx_rcc.o(i.RCC_APB2PeriphResetCmd) for RCC_APB2PeriphResetCmd
    stm32f4xx_tim.o(i.TIM_DeInit) refers to stm32f4xx_rcc.o(i.RCC_APB1PeriphResetCmd) for RCC_APB1PeriphResetCmd
    stm32f4xx_tim.o(i.TIM_ETRClockMode1Config) refers to stm32f4xx_tim.o(i.TIM_ETRConfig) for TIM_ETRConfig
    stm32f4xx_tim.o(i.TIM_ETRClockMode2Config) refers to stm32f4xx_tim.o(i.TIM_ETRConfig) for TIM_ETRConfig
    stm32f4xx_tim.o(i.TIM_ICInit) refers to stm32f4xx_tim.o(i.TI4_Config) for TI4_Config
    stm32f4xx_tim.o(i.TIM_ICInit) refers to stm32f4xx_tim.o(i.TIM_SetIC4Prescaler) for TIM_SetIC4Prescaler
    stm32f4xx_tim.o(i.TIM_ICInit) refers to stm32f4xx_tim.o(i.TI1_Config) for TI1_Config
    stm32f4xx_tim.o(i.TIM_ICInit) refers to stm32f4xx_tim.o(i.TIM_SetIC1Prescaler) for TIM_SetIC1Prescaler
    stm32f4xx_tim.o(i.TIM_ICInit) refers to stm32f4xx_tim.o(i.TI2_Config) for TI2_Config
    stm32f4xx_tim.o(i.TIM_ICInit) refers to stm32f4xx_tim.o(i.TIM_SetIC2Prescaler) for TIM_SetIC2Prescaler
    stm32f4xx_tim.o(i.TIM_ICInit) refers to stm32f4xx_tim.o(i.TI3_Config) for TI3_Config
    stm32f4xx_tim.o(i.TIM_ICInit) refers to stm32f4xx_tim.o(i.TIM_SetIC3Prescaler) for TIM_SetIC3Prescaler
    stm32f4xx_tim.o(i.TIM_ITRxExternalClockConfig) refers to stm32f4xx_tim.o(i.TIM_SelectInputTrigger) for TIM_SelectInputTrigger
    stm32f4xx_tim.o(i.TIM_PWMIConfig) refers to stm32f4xx_tim.o(i.TI2_Config) for TI2_Config
    stm32f4xx_tim.o(i.TIM_PWMIConfig) refers to stm32f4xx_tim.o(i.TIM_SetIC2Prescaler) for TIM_SetIC2Prescaler
    stm32f4xx_tim.o(i.TIM_PWMIConfig) refers to stm32f4xx_tim.o(i.TI1_Config) for TI1_Config
    stm32f4xx_tim.o(i.TIM_PWMIConfig) refers to stm32f4xx_tim.o(i.TIM_SetIC1Prescaler) for TIM_SetIC1Prescaler
    stm32f4xx_tim.o(i.TIM_TIxExternalClockConfig) refers to stm32f4xx_tim.o(i.TI1_Config) for TI1_Config
    stm32f4xx_tim.o(i.TIM_TIxExternalClockConfig) refers to stm32f4xx_tim.o(i.TIM_SelectInputTrigger) for TIM_SelectInputTrigger
    stm32f4xx_tim.o(i.TIM_TIxExternalClockConfig) refers to stm32f4xx_tim.o(i.TI2_Config) for TI2_Config
    stm32f4xx_fmc.o(i.FMC_NORSRAMStructInit) refers to stm32f4xx_fmc.o(.constdata) for .constdata
    stm32f4xx_adc.o(i.ADC_DeInit) refers to stm32f4xx_rcc.o(i.RCC_APB2PeriphResetCmd) for RCC_APB2PeriphResetCmd
    stm32f4xx_flash.o(i.FLASH_EraseAllBank1Sectors) refers to stm32f4xx_flash.o(i.FLASH_WaitForLastOperation) for FLASH_WaitForLastOperation
    stm32f4xx_flash.o(i.FLASH_EraseAllBank2Sectors) refers to stm32f4xx_flash.o(i.FLASH_WaitForLastOperation) for FLASH_WaitForLastOperation
    stm32f4xx_flash.o(i.FLASH_EraseAllSectors) refers to stm32f4xx_flash.o(i.FLASH_WaitForLastOperation) for FLASH_WaitForLastOperation
    stm32f4xx_flash.o(i.FLASH_EraseSector) refers to stm32f4xx_flash.o(i.FLASH_WaitForLastOperation) for FLASH_WaitForLastOperation
    stm32f4xx_flash.o(i.FLASH_OB_Launch) refers to stm32f4xx_flash.o(i.FLASH_WaitForLastOperation) for FLASH_WaitForLastOperation
    stm32f4xx_flash.o(i.FLASH_OB_PCROP1Config) refers to stm32f4xx_flash.o(i.FLASH_WaitForLastOperation) for FLASH_WaitForLastOperation
    stm32f4xx_flash.o(i.FLASH_OB_PCROPConfig) refers to stm32f4xx_flash.o(i.FLASH_WaitForLastOperation) for FLASH_WaitForLastOperation
    stm32f4xx_flash.o(i.FLASH_OB_RDPConfig) refers to stm32f4xx_flash.o(i.FLASH_WaitForLastOperation) for FLASH_WaitForLastOperation
    stm32f4xx_flash.o(i.FLASH_OB_UserConfig) refers to stm32f4xx_flash.o(i.FLASH_WaitForLastOperation) for FLASH_WaitForLastOperation
[...]
    Removing stm32f4xx_rcc.o(i.RCC_DeInit), (84 bytes).
    Removing stm32f4xx_rcc.o(i.RCC_GetFlagStatus), (56 bytes).
    Removing stm32f4xx_rcc.o(i.RCC_GetITStatus), (20 bytes).
    Removing stm32f4xx_rcc.o(i.RCC_GetSYSCLKSource), (16 bytes).
    Removing stm32f4xx_rcc.o(i.RCC_HCLKConfig), (20 bytes).
    Removing stm32f4xx_rcc.o(i.RCC_HSEConfig), (16 bytes).
    Removing stm32f4xx_rcc.o(i.RCC_HSICmd), (12 bytes).
    Removing stm32f4xx_rcc.o(i.RCC_I2SCLKConfig), (12 bytes).
    Removing stm32f4xx_rcc.o(i.RCC_ITConfig), (28 bytes).
    Removing stm32f4xx_rcc.o(i.RCC_LSEConfig), (32 bytes).
    Removing stm32f4xx_rcc.o(i.RCC_LSEModeConfig), (32 bytes).
    Removing stm32f4xx_rcc.o(i.RCC_LSICmd), (12 bytes).
    Removing stm32f4xx_rcc.o(i.RCC_LTDCCLKDivConfig), (20 bytes).
    Removing stm32f4xx_rcc.o(i.RCC_MCO1Config), (20 bytes).
    Removing stm32f4xx_rcc.o(i.RCC_MCO2Config), (20 bytes).
    Removing stm32f4xx_rcc.o(i.RCC_PCLK1Config), (20 bytes).
    Removing stm32f4xx_rcc.o(i.RCC_PCLK2Config), (20 bytes).
    Removing stm32f4xx_rcc.o(i.RCC_PLLCmd), (12 bytes).
    Removing stm32f4xx_rcc.o(i.RCC_PLLConfig), (36 bytes).
    Removing stm32f4xx_rcc.o(i.RCC_PLLI2SCmd), (12 bytes).
    Removing stm32f4xx_rcc.o(i.RCC_PLLI2SConfig), (20 bytes).
    Removing stm32f4xx_rcc.o(i.RCC_PLLSAICmd), (12 bytes).
    Removing stm32f4xx_rcc.o(i.RCC_PLLSAIConfig), (20 bytes).
    Removing stm32f4xx_rcc.o(i.RCC_RTCCLKCmd), (12 bytes).
    Removing stm32f4xx_rcc.o(i.RCC_RTCCLKConfig), (48 bytes).
    Removing stm32f4xx_rcc.o(i.RCC_SAIBlockACLKConfig), (20 bytes).
    Removing stm32f4xx_rcc.o(i.RCC_SAIBlockBCLKConfig), (20 bytes).
    Removing stm32f4xx_rcc.o(i.RCC_SAIPLLI2SClkDivConfig), (20 bytes).
    Removing stm32f4xx_rcc.o(i.RCC_SAIPLLSAIClkDivConfig), (24 bytes).
    Removing stm32f4xx_rcc.o(i.RCC_SYSCLKConfig), (20 bytes).
    Removing stm32f4xx_rcc.o(i.RCC_TIMCLKPresConfig), (12 bytes).
    Removing stm32f4xx_rcc.o(i.RCC_WaitForHSEStartUp), (48 bytes).
    Removing stm32f4xx_usart.o(.rev16_text), (4 bytes).
    Removing stm32f4xx_usart.o(.revsh_text), (4 bytes).
    Removing stm32f4xx_usart.o(.rrx_text), (6 bytes).
    Removing stm32f4xx_usart.o(i.USART_ClockInit), (28 bytes).
    Removing stm32f4xx_usart.o(i.USART_ClockStructInit), (12 bytes).
    Removing stm32f4xx_usart.o(i.USART_DMACmd), (20 bytes).
    Removing stm32f4xx_usart.o(i.USART_DeInit), (256 bytes).
    Removing stm32f4xx_usart.o(i.USART_HalfDuplexCmd), (24 bytes).
    Removing stm32f4xx_usart.o(i.USART_IrDACmd), (24 bytes).
    Removing stm32f4xx_usart.o(i.USART_IrDAConfig), (16 bytes).
    Removing stm32f4xx_usart.o(i.USART_LINBreakDetectLengthConfig), (16 bytes).
    Removing stm32f4xx_usart.o(i.USART_LINCmd), (24 bytes).
    Removing stm32f4xx_usart.o(i.USART_OneBitMethodCmd), (24 bytes).
    Removing stm32f4xx_usart.o(i.USART_OverSampling8Cmd), (24 bytes).
    Removing stm32f4xx_usart.o(i.USART_ReceiverWakeUpCmd), (24 bytes).
    Removing stm32f4xx_usart.o(i.USART_SendBreak), (10 bytes).
    Removing stm32f4xx_usart.o(i.USART_SetAddress), (16 bytes).
    Removing stm32f4xx_usart.o(i.USART_SetGuardTime), (16 bytes).
    Removing stm32f4xx_usart.o(i.USART_SetPrescaler), (16 bytes).
    Removing stm32f4xx_usart.o(i.USART_SmartCardCmd), (24 bytes).
    Removing stm32f4xx_usart.o(i.USART_SmartCardNACKCmd), (24 bytes).
    Removing stm32f4xx_usart.o(i.USART_StructInit), (22 bytes).
    Removing stm32f4xx_usart.o(i.USART_WakeUpConfig), (16 bytes).
    Removing stm32f4xx_tim.o(.rev16_text), (4 bytes).
    Removing stm32f4xx_tim.o(.revsh_text), (4 bytes).
    Removing stm32f4xx_tim.o(.rrx_text), (6 bytes).
    Removing stm32f4xx_tim.o(i.TI1_Config), (46 bytes).
    Removing stm32f4xx_tim.o(i.TI2_Config), (54 bytes).
    Removing stm32f4xx_tim.o(i.TI3_Config), (50 bytes).
    Removing stm32f4xx_tim.o(i.TI4_Config), (54 bytes).
    Removing stm32f4xx_tim.o(i.TIM_ARRPreloadConfig), (24 bytes).
    Removing stm32f4xx_tim.o(i.TIM_BDTRConfig), (34 bytes).
    Removing stm32f4xx_tim.o(i.TIM_BDTRStructInit), (18 bytes).
    Removing stm32f4xx_tim.o(i.TIM_CCPreloadControl), (24 bytes).
    Removing stm32f4xx_tim.o(i.TIM_CCxCmd), (22 bytes).
    Removing stm32f4xx_tim.o(i.TIM_CCxNCmd), (22 bytes).
    Removing stm32f4xx_tim.o(i.TIM_ClearOC1Ref), (12 bytes).
    Removing stm32f4xx_tim.o(i.TIM_ClearOC2Ref), (20 bytes).
    Removing stm32f4xx_tim.o(i.TIM_ClearOC3Ref), (12 bytes).
    Removing stm32f4xx_tim.o(i.TIM_ClearOC4Ref), (20 bytes).
    Removing stm32f4xx_tim.o(i.TIM_CounterModeConfig), (12 bytes).
    Removing stm32f4xx_tim.o(i.TIM_CtrlPWMOutputs), (28 bytes).
    Removing stm32f4xx_tim.o(i.TIM_DMACmd), (20 bytes).
    Removing stm32f4xx_tim.o(i.TIM_DMAConfig), (8 bytes).
    Removing stm32f4xx_tim.o(i.TIM_DeInit), (428 bytes).
    Removing stm32f4xx_tim.o(i.TIM_ETRClockMode1Config), (32 bytes).
    Removing stm32f4xx_tim.o(i.TIM_ETRClockMode2Config), (20 bytes).
    Removing stm32f4xx_tim.o(i.TIM_ETRConfig), (24 bytes).
    Removing stm32f4xx_tim.o(i.TIM_EncoderInterfaceConfig), (50 bytes).
    Removing stm32f4xx_tim.o(i.TIM_ForcedOC1Config), (12 bytes).
    Removing stm32f4xx_tim.o(i.TIM_ForcedOC2Config), (20 bytes).
    Removing stm32f4xx_tim.o(i.TIM_ForcedOC3Config), (12 bytes).
    Removing stm32f4xx_tim.o(i.TIM_ForcedOC4Config), (20 bytes).
    Removing stm32f4xx_tim.o(i.TIM_GenerateEvent), (4 bytes).
    Removing stm32f4xx_tim.o(i.TIM_GetCapture1), (4 bytes).
    Removing stm32f4xx_tim.o(i.TIM_GetCapture2), (4 bytes).
    Removing stm32f4xx_tim.o(i.TIM_GetCapture3), (4 bytes).
    Removing stm32f4xx_tim.o(i.TIM_GetCapture4), (4 bytes).
    Removing stm32f4xx_tim.o(i.TIM_GetCounter), (4 bytes).
    Removing stm32f4xx_tim.o(i.TIM_GetFlagStatus), (14 bytes).
    Removing stm32f4xx_tim.o(i.TIM_GetPrescaler), (4 bytes).
    Removing stm32f4xx_tim.o(i.TIM_ICInit), (98 bytes).
    Removing stm32f4xx_tim.o(i.TIM_ICStructInit), (16 bytes).
    Removing stm32f4xx_tim.o(i.TIM_ITRxExternalClockConfig), (20 bytes).
    Removing stm32f4xx_tim.o(i.TIM_InternalClockConfig), (10 bytes).
    Removing stm32f4xx_tim.o(i.TIM_OC1FastConfig), (12 bytes).
    Removing stm32f4xx_tim.o(i.TIM_OC1Init), (104 bytes).
    Removing stm32f4xx_tim.o(i.TIM_OC1NPolarityConfig), (12 bytes).
    Removing stm32f4xx_tim.o(i.TIM_OC1PolarityConfig), (12 bytes).
    Removing stm32f4xx_tim.o(i.TIM_OC1PreloadConfig), (12 bytes).
    Removing stm32f4xx_tim.o(i.TIM_OC2FastConfig), (20 bytes).
    Removing stm32f4xx_tim.o(i.TIM_OC2Init), (136 bytes).
    Removing stm32f4xx_tim.o(i.TIM_OC2NPolarityConfig), (20 bytes).
    Removing stm32f4xx_tim.o(i.TIM_OC2PolarityConfig), (20 bytes).
    Removing stm32f4xx_tim.o(i.TIM_OC2PreloadConfig), (20 bytes).
    Removing stm32f4xx_tim.o(i.TIM_OC3FastConfig), (12 bytes).
    Removing stm32f4xx_tim.o(i.TIM_OC3Init), (132 bytes).
    Removing stm32f4xx_tim.o(i.TIM_OC3NPolarityConfig), (20 bytes).
    Removing stm32f4xx_tim.o(i.TIM_OC3PolarityConfig), (20 bytes).
    Removing stm32f4xx_tim.o(i.TIM_OC3PreloadConfig), (12 bytes).
    Removing stm32f4xx_tim.o(i.TIM_OC4FastConfig), (20 bytes).
    Removing stm32f4xx_tim.o(i.TIM_OC4Init), (100 bytes).
    Removing stm32f4xx_tim.o(i.TIM_OC4PolarityConfig), (20 bytes).
    Removing stm32f4xx_tim.o(i.TIM_OC4PreloadConfig), (20 bytes).
    Removing stm32f4xx_tim.o(i.TIM_OCStructInit), (20 bytes).
    Removing stm32f4xx_tim.o(i.TIM_PWMIConfig), (110 bytes).
    Removing stm32f4xx_tim.o(i.TIM_PrescalerConfig), (6 bytes).
    Removing stm32f4xx_tim.o(i.TIM_RemapConfig), (6 bytes).
    Removing stm32f4xx_tim.o(i.TIM_SelectCCDMA), (24 bytes).
    Removing stm32f4xx_tim.o(i.TIM_SelectCOM), (24 bytes).
    Removing stm32f4xx_tim.o(i.TIM_SelectHallSensor), (24 bytes).
    Removing stm32f4xx_tim.o(i.TIM_SelectInputTrigger), (12 bytes).
    Removing stm32f4xx_tim.o(i.TIM_SelectMasterSlaveMode), (16 bytes).
    Removing stm32f4xx_tim.o(i.TIM_SelectOCxM), (80 bytes).
    Removing stm32f4xx_tim.o(i.TIM_SelectOnePulseMode), (16 bytes).
    Removing stm32f4xx_tim.o(i.TIM_SelectOutputTrigger), (16 bytes).
    Removing stm32f4xx_tim.o(i.TIM_SelectSlaveMode), (16 bytes).
    Removing stm32f4xx_tim.o(i.TIM_SetAutoreload), (4 bytes).
    Removing stm32f4xx_tim.o(i.TIM_SetClockDivision), (16 bytes).
    Removing stm32f4xx_tim.o(i.TIM_SetCompare1), (4 bytes).
    Removing stm32f4xx_tim.o(i.TIM_SetCompare2), (4 bytes).
    Removing stm32f4xx_tim.o(i.TIM_SetCompare3), (4 bytes).
    Removing stm32f4xx_tim.o(i.TIM_SetCompare4), (4 bytes).
    Removing stm32f4xx_tim.o(i.TIM_SetCounter), (4 bytes).
    Removing stm32f4xx_tim.o(i.TIM_SetIC1Prescaler), (16 bytes).
    Removing stm32f4xx_tim.o(i.TIM_SetIC2Prescaler), (24 bytes).
    Removing stm32f4xx_tim.o(i.TIM_SetIC3Prescaler), (16 bytes).
    Removing stm32f4xx_tim.o(i.TIM_SetIC4Prescaler), (24 bytes).
    Removing stm32f4xx_tim.o(i.TIM_TIxExternalClockConfig), (48 bytes).
    Removing stm32f4xx_tim.o(i.TIM_TimeBaseStructInit), (18 bytes).
    Removing stm32f4xx_tim.o(i.TIM_UpdateDisableConfig), (24 bytes).
    Removing stm32f4xx_tim.o(i.TIM_UpdateRequestConfig), (24 bytes).
    Removing stm32f4xx_fmc.o(.rev16_text), (4 bytes).
    Removing stm32f4xx_fmc.o(.revsh_text), (4 bytes).
    Removing stm32f4xx_fmc.o(.rrx_text), (6 bytes).
    Removing stm32f4xx_fmc.o(i.FMC_ClearFlag), (60 bytes).
    Removing stm32f4xx_fmc.o(i.FMC_ClearITPendingBit), (68 bytes).
    Removing stm32f4xx_fmc.o(i.FMC_GetECC), (18 bytes).
    Removing stm32f4xx_fmc.o(i.FMC_GetITStatus), (80 bytes).
    Removing stm32f4xx_fmc.o(i.FMC_GetModeStatus), (30 bytes).
    Removing stm32f4xx_fmc.o(i.FMC_ITConfig), (120 bytes).
    Removing stm32f4xx_fmc.o(i.FMC_NANDCmd), (64 bytes).
    Removing stm32f4xx_fmc.o(i.FMC_NANDDeInit), (40 bytes).
    Removing stm32f4xx_fmc.o(i.FMC_NANDECCCmd), (64 bytes).
    Removing stm32f4xx_fmc.o(i.FMC_NANDInit), (164 bytes).
    Removing stm32f4xx_fmc.o(i.FMC_NANDStructInit), (54 bytes).
    Removing stm32f4xx_fmc.o(i.FMC_NORSRAMStructInit), (52 bytes).
    Removing stm32f4xx_fmc.o(i.FMC_PCCARDCmd), (36 bytes).
    Removing stm32f4xx_fmc.o(i.FMC_PCCARDDeInit), (28 bytes).
    Removing stm32f4xx_fmc.o(i.FMC_PCCARDInit), (120 bytes).
    Removing stm32f4xx_fmc.o(i.FMC_PCCARDStructInit), (60 bytes).
    Removing stm32f4xx_fmc.o(i.FMC_SDRAMDeInit), (40 bytes).
    Removing stm32f4xx_fmc.o(i.FMC_SDRAMStructInit), (60 bytes).
    Removing stm32f4xx_fmc.o(i.FMC_SDRAMWriteProtectionConfig), (40 bytes).
    Removing stm32f4xx_fmc.o(i.FMC_SetAutoRefresh_Number), (16 bytes).
    Removing stm32f4xx_fmc.o(.constdata), (28 bytes).
    Removing stm32f4xx_adc.o(.rev16_text), (4 bytes).
    Removing stm32f4xx_adc.o(.revsh_text), (4 bytes).
    Removing stm32f4xx_adc.o(.rrx_text), (6 bytes).
    Removing stm32f4xx_adc.o(i.ADC_AnalogWatchdogCmd), (16 bytes).
    Removing stm32f4xx_adc.o(i.ADC_AnalogWatchdogSingleChannelConfig), (12 bytes).
    Removing stm32f4xx_adc.o(i.ADC_AnalogWatchdogThresholdsConfig), (6 bytes).
    Removing stm32f4xx_adc.o(i.ADC_AutoInjectedConvCmd), (24 bytes).
    Removing stm32f4xx_adc.o(i.ADC_ClearFlag), (6 bytes).
    Removing stm32f4xx_adc.o(i.ADC_ClearITPendingBit), (8 bytes).
    Removing stm32f4xx_adc.o(i.ADC_Cmd), (24 bytes).
    Removing stm32f4xx_adc.o(i.ADC_CommonInit), (40 bytes).
    Removing stm32f4xx_adc.o(i.ADC_CommonStructInit), (12 bytes).
    Removing stm32f4xx_adc.o(i.ADC_ContinuousModeCmd), (24 bytes).
    Removing stm32f4xx_adc.o(i.ADC_DMACmd), (24 bytes).
    Removing stm32f4xx_adc.o(i.ADC_DMARequestAfterLastTransferCmd), (24 bytes).
    Removing stm32f4xx_adc.o(i.ADC_DeInit), (24 bytes).
    Removing stm32f4xx_adc.o(i.ADC_DiscModeChannelCountConfig), (16 bytes).
    Removing stm32f4xx_adc.o(i.ADC_DiscModeCmd), (24 bytes).
    Removing stm32f4xx_adc.o(i.ADC_EOCOnEachRegularChannelCmd), (24 bytes).
    Removing stm32f4xx_adc.o(i.ADC_ExternalTrigInjectedConvConfig), (12 bytes).
    Removing stm32f4xx_adc.o(i.ADC_ExternalTrigInjectedConvEdgeConfig), (12 bytes).
    Removing stm32f4xx_adc.o(i.ADC_GetConversionValue), (6 bytes).
    Removing stm32f4xx_adc.o(i.ADC_GetFlagStatus), (14 bytes).
    Removing stm32f4xx_adc.o(i.ADC_GetITStatus), (30 bytes).
    Removing stm32f4xx_adc.o(i.ADC_GetInjectedConversionValue), (20 bytes).
    Removing stm32f4xx_adc.o(i.ADC_GetMultiModeConversionValue), (12 bytes).
    Removing stm32f4xx_adc.o(i.ADC_GetSoftwareStartConvStatus), (14 bytes).
    Removing stm32f4xx_adc.o(i.ADC_GetSoftwareStartInjectedConvCmdStatus), (14 bytes).
    Removing stm32f4xx_adc.o(i.ADC_ITConfig), (24 bytes).
    Removing stm32f4xx_adc.o(i.ADC_Init), (76 bytes).
    Removing stm32f4xx_adc.o(i.ADC_InjectedChannelConfig), (74 bytes).
    Removing stm32f4xx_adc.o(i.ADC_InjectedDiscModeCmd), (24 bytes).
    Removing stm32f4xx_adc.o(i.ADC_InjectedSequencerLengthConfig), (16 bytes).
    Removing stm32f4xx_adc.o(i.ADC_MultiModeDMARequestAfterLastTransferCmd), (40 bytes).
    Removing stm32f4xx_adc.o(i.ADC_RegularChannelConfig), (116 bytes).
    Removing stm32f4xx_adc.o(i.ADC_SetInjectedOffset), (16 bytes).
    Removing stm32f4xx_adc.o(i.ADC_SoftwareStartConv), (10 bytes).
    Removing stm32f4xx_adc.o(i.ADC_SoftwareStartInjectedConv), (10 bytes).
    Removing stm32f4xx_adc.o(i.ADC_StructInit), (20 bytes).
    Removing stm32f4xx_adc.o(i.ADC_TempSensorVrefintCmd), (40 bytes).
    Removing stm32f4xx_adc.o(i.ADC_VBATCmd), (40 bytes).
    Removing stm32f4xx_flash.o(.rev16_text), (4 bytes).
    Removing stm32f4xx_flash.o(.revsh_text), (4 bytes).
    Removing stm32f4xx_flash.o(.rrx_text), (6 bytes).
    Removing stm32f4xx_flash.o(i.FLASH_ClearFlag), (12 bytes).
    Removing stm32f4xx_flash.o(i.FLASH_DataCacheCmd), (32 bytes).
    Removing stm32f4xx_flash.o(i.FLASH_DataCacheReset), (16 bytes).
    Removing stm32f4xx_flash.o(i.FLASH_EraseAllBank1Sectors), (92 bytes).
    Removing stm32f4xx_flash.o(i.FLASH_EraseAllBank2Sectors), (92 bytes).
    Removing stm32f4xx_flash.o(i.FLASH_EraseAllSectors), (88 bytes).
    Removing stm32f4xx_flash.o(i.FLASH_EraseSector), (112 bytes).
    Removing stm32f4xx_flash.o(i.FLASH_GetFlagStatus), (20 bytes).
    Removing stm32f4xx_flash.o(i.FLASH_GetStatus), (60 bytes).
    Removing stm32f4xx_flash.o(i.FLASH_ITConfig), (28 bytes).
    Removing stm32f4xx_flash.o(i.FLASH_InstructionCacheCmd), (32 bytes).
    Removing stm32f4xx_flash.o(i.FLASH_InstructionCacheReset), (16 bytes).
    Removing stm32f4xx_flash.o(i.FLASH_Lock), (16 bytes).
    Removing stm32f4xx_flash.o(i.FLASH_OB_BORConfig), (24 bytes).
    Removing stm32f4xx_flash.o(i.FLASH_OB_BootConfig), (24 bytes).
    Removing stm32f4xx_flash.o(i.FLASH_OB_GetBOR), (16 bytes).
    Removing stm32f4xx_flash.o(i.FLASH_OB_GetPCROP), (12 bytes).
    Removing stm32f4xx_flash.o(i.FLASH_OB_GetPCROP1), (12 bytes).
    Removing stm32f4xx_flash.o(i.FLASH_OB_GetRDP), (20 bytes).
    Removing stm32f4xx_flash.o(i.FLASH_OB_GetUser), (16 bytes).
    Removing stm32f4xx_flash.o(i.FLASH_OB_GetWRP), (12 bytes).
    Removing stm32f4xx_flash.o(i.FLASH_OB_GetWRP1), (12 bytes).
    Removing stm32f4xx_flash.o(i.FLASH_OB_Launch), (20 bytes).
    Removing stm32f4xx_flash.o(i.FLASH_OB_Lock), (16 bytes).
    Removing stm32f4xx_flash.o(i.FLASH_OB_PCROP1Config), (40 bytes).
    Removing stm32f4xx_flash.o(i.FLASH_OB_PCROPConfig), (40 bytes).
    Removing stm32f4xx_flash.o(i.FLASH_OB_PCROPSelectionConfig), (20 bytes).
    Removing stm32f4xx_flash.o(i.FLASH_OB_RDPConfig), (24 bytes).
    Removing stm32f4xx_flash.o(i.FLASH_OB_Unlock), (36 bytes).
    Removing stm32f4xx_flash.o(i.FLASH_OB_UserConfig), (40 bytes).
    Removing stm32f4xx_flash.o(i.FLASH_OB_WRP1Config), (40 bytes).
    Removing stm32f4xx_flash.o(i.FLASH_OB_WRPConfig), (40 bytes).
    Removing stm32f4xx_flash.o(i.FLASH_PrefetchBufferCmd), (32 bytes).
    Removing stm32f4xx_flash.o(i.FLASH_ProgramByte), (56 bytes).
    Removing stm32f4xx_flash.o(i.FLASH_ProgramDoubleWord), (64 bytes).
    Removing stm32f4xx_flash.o(i.FLASH_ProgramHalfWord), (60 bytes).
    Removing stm32f4xx_flash.o(i.FLASH_ProgramWord), (60 bytes).
    Removing stm32f4xx_flash.o(i.FLASH_SetLatency), (12 bytes).
    Removing stm32f4xx_flash.o(i.FLASH_Unlock), (36 bytes).
    Removing stm32f4xx_flash.o(i.FLASH_WaitForLastOperation), (34 bytes).
    Removing stm32f4xx_exti.o(.rev16_text), (4 bytes).
    Removing stm32f4xx_exti.o(.revsh_text), (4 bytes).
    Removing stm32f4xx_exti.o(.rrx_text), (6 bytes).
    Removing stm32f4xx_exti.o(i.EXTI_ClearFlag), (12 bytes).
    Removing stm32f4xx_exti.o(i.EXTI_ClearITPendingBit), (12 bytes).
    Removing stm32f4xx_exti.o(i.EXTI_DeInit), (36 bytes).
    Removing stm32f4xx_exti.o(i.EXTI_GenerateSWInterrupt), (16 bytes).
    Removing stm32f4xx_exti.o(i.EXTI_GetFlagStatus), (20 bytes).
    Removing stm32f4xx_exti.o(i.EXTI_GetITStatus), (20 bytes).
    Removing stm32f4xx_exti.o(i.EXTI_Init), (116 bytes).
    Removing stm32f4xx_exti.o(i.EXTI_StructInit), (14 bytes).
    Removing stm32f4xx_syscfg.o(.rev16_text), (4 bytes).
    Removing stm32f4xx_syscfg.o(.revsh_text), (4 bytes).
    Removing stm32f4xx_syscfg.o(.rrx_text), (6 bytes).
    Removing stm32f4xx_syscfg.o(i.SYSCFG_CompensationCellCmd), (12 bytes).
    Removing stm32f4xx_syscfg.o(i.SYSCFG_DeInit), (24 bytes).
    Removing stm32f4xx_syscfg.o(i.SYSCFG_ETH_MediaInterfaceConfig), (12 bytes).
    Removing stm32f4xx_syscfg.o(i.SYSCFG_EXTILineConfig), (44 bytes).
    Removing stm32f4xx_syscfg.o(i.SYSCFG_GetCompensationCellStatus), (20 bytes).
    Removing stm32f4xx_syscfg.o(i.SYSCFG_MemoryRemapConfig), (12 bytes).
    Removing stm32f4xx_syscfg.o(i.SYSCFG_MemorySwappingBank), (12 bytes).
    Removing stm32f4xx_dac.o(.rev16_text), (4 bytes).
    Removing stm32f4xx_dac.o(.revsh_text), (4 bytes).
    Removing stm32f4xx_dac.o(.rrx_text), (6 bytes).
    Removing stm32f4xx_dac.o(i.DAC_ClearFlag), (12 bytes).
    Removing stm32f4xx_dac.o(i.DAC_ClearITPendingBit), (12 bytes).
    Removing stm32f4xx_dac.o(i.DAC_DMACmd), (32 bytes).
    Removing stm32f4xx_dac.o(i.DAC_DeInit), (24 bytes).
    Removing stm32f4xx_dac.o(i.DAC_DualSoftwareTriggerCmd), (32 bytes).
    Removing stm32f4xx_dac.o(i.DAC_GetDataOutputValue), (24 bytes).
    Removing stm32f4xx_dac.o(i.DAC_GetFlagStatus), (24 bytes).
    Removing stm32f4xx_dac.o(i.DAC_GetITStatus), (36 bytes).
    Removing stm32f4xx_dac.o(i.DAC_ITConfig), (28 bytes).
    Removing stm32f4xx_dac.o(i.DAC_SetChannel2Data), (20 bytes).
    Removing stm32f4xx_dac.o(i.DAC_SetDualChannelData), (28 bytes).
    Removing stm32f4xx_dac.o(i.DAC_StructInit), (12 bytes).
    Removing stm32f4xx_dac.o(i.DAC_WaveGenerationCmd), (28 bytes).
    Removing stm32f4xx_spi.o(.rev16_text), (4 bytes).
    Removing stm32f4xx_spi.o(.revsh_text), (4 bytes).
    Removing stm32f4xx_spi.o(.rrx_text), (6 bytes).
    Removing stm32f4xx_spi.o(i.I2S_Cmd), (24 bytes).
    Removing stm32f4xx_spi.o(i.I2S_FullDuplexConfig), (58 bytes).
    Removing stm32f4xx_spi.o(i.I2S_Init), (240 bytes).
    Removing stm32f4xx_spi.o(i.I2S_StructInit), (18 bytes).
    Removing stm32f4xx_spi.o(i.SPI_BiDirectionalLineConfig), (26 bytes).
    Removing stm32f4xx_spi.o(i.SPI_CalculateCRC), (24 bytes).
    Removing stm32f4xx_spi.o(i.SPI_Cmd), (24 bytes).
    Removing stm32f4xx_spi.o(i.SPI_DataSizeConfig), (16 bytes).
    Removing stm32f4xx_spi.o(i.SPI_GetCRC), (12 bytes).
    Removing stm32f4xx_spi.o(i.SPI_GetCRCPolynomial), (4 bytes).
    Removing stm32f4xx_spi.o(i.SPI_I2S_ClearFlag), (6 bytes).
    Removing stm32f4xx_spi.o(i.SPI_I2S_ClearITPendingBit), (14 bytes).
    Removing stm32f4xx_spi.o(i.SPI_I2S_DMACmd), (20 bytes).
    Removing stm32f4xx_spi.o(i.SPI_I2S_DeInit), (196 bytes).
    Removing stm32f4xx_spi.o(i.SPI_I2S_GetFlagStatus), (14 bytes).
    Removing stm32f4xx_spi.o(i.SPI_I2S_GetITStatus), (44 bytes).
    Removing stm32f4xx_spi.o(i.SPI_I2S_ITConfig), (28 bytes).
    Removing stm32f4xx_spi.o(i.SPI_I2S_ReceiveData), (4 bytes).
    Removing stm32f4xx_spi.o(i.SPI_I2S_SendData), (4 bytes).
    Removing stm32f4xx_spi.o(i.SPI_Init), (56 bytes).
    Removing stm32f4xx_spi.o(i.SPI_NSSInternalSoftwareConfig), (28 bytes).
    Removing stm32f4xx_spi.o(i.SPI_SSOutputCmd), (24 bytes).
    Removing stm32f4xx_spi.o(i.SPI_StructInit), (24 bytes).
    Removing stm32f4xx_spi.o(i.SPI_TIModeCmd), (24 bytes).
    Removing stm32f4xx_spi.o(i.SPI_TransmitCRC), (10 bytes).
    Removing stm32f4xx_iwdg.o(.rev16_text), (4 bytes).
    Removing stm32f4xx_iwdg.o(.revsh_text), (4 bytes).
    Removing stm32f4xx_iwdg.o(.rrx_text), (6 bytes).
    Removing stm32f4xx_iwdg.o(i.IWDG_Enable), (16 bytes).
    Removing stm32f4xx_iwdg.o(i.IWDG_GetFlagStatus), (20 bytes).
    Removing stm32f4xx_iwdg.o(i.IWDG_ReloadCounter), (16 bytes).
    Removing stm32f4xx_iwdg.o(i.IWDG_SetPrescaler), (12 bytes).
    Removing stm32f4xx_iwdg.o(i.IWDG_SetReload), (12 bytes).
    Removing stm32f4xx_iwdg.o(i.IWDG_WriteAccessCmd), (12 bytes).
    Removing stm32f4xx_dma.o(.rev16_text), (4 bytes).
    Removing stm32f4xx_dma.o(.revsh_text), (4 bytes).
    Removing stm32f4xx_dma.o(.rrx_text), (6 bytes).
    Removing stm32f4xx_dma.o(i.DMA_ClearFlag), (44 bytes).
    Removing stm32f4xx_dma.o(i.DMA_ClearITPendingBit), (44 bytes).
    Removing stm32f4xx_dma.o(i.DMA_Cmd), (24 bytes).
    Removing stm32f4xx_dma.o(i.DMA_DeInit), (300 bytes).
    Removing stm32f4xx_dma.o(i.DMA_DoubleBufferModeCmd), (24 bytes).
    Removing stm32f4xx_dma.o(i.DMA_DoubleBufferModeConfig), (26 bytes).
    Removing stm32f4xx_dma.o(i.DMA_FlowControllerConfig), (24 bytes).
    Removing stm32f4xx_dma.o(i.DMA_GetCmdStatus), (14 bytes).
    Removing stm32f4xx_dma.o(i.DMA_GetCurrDataCounter), (6 bytes).
    Removing stm32f4xx_dma.o(i.DMA_GetCurrentMemoryTarget), (14 bytes).
    Removing stm32f4xx_dma.o(i.DMA_GetFIFOStatus), (8 bytes).
    Removing stm32f4xx_dma.o(i.DMA_GetFlagStatus), (52 bytes).
    Removing stm32f4xx_dma.o(i.DMA_GetITStatus), (84 bytes).
    Removing stm32f4xx_dma.o(i.DMA_ITConfig), (50 bytes).
    Removing stm32f4xx_dma.o(i.DMA_Init), (84 bytes).
    Removing stm32f4xx_dma.o(i.DMA_MemoryTargetConfig), (12 bytes).
    Removing stm32f4xx_dma.o(i.DMA_PeriphIncOffsetSizeConfig), (24 bytes).
    Removing stm32f4xx_dma.o(i.DMA_SetCurrDataCounter), (4 bytes).
    Removing stm32f4xx_dma.o(i.DMA_StructInit), (34 bytes).
    Removing system_stm32f4xx.o(.rev16_text), (4 bytes).
    Removing system_stm32f4xx.o(.revsh_text), (4 bytes).
    Removing system_stm32f4xx.o(.rrx_text), (6 bytes).
    Removing system_stm32f4xx.o(i.SystemCoreClockUpdate), (136 bytes).
    Removing system_stm32f4xx.o(.data), (20 bytes).
    Removing main.o(.rev16_text), (4 bytes).
    Removing main.o(.revsh_text), (4 bytes).
    Removing main.o(.rrx_text), (6 bytes).
    Removing main.o(i.LI_V_OUT_Fun), (220 bytes).
    Removing main.o(i.change_multiple_Fun), (30 bytes).
    Removing main.o(i.muxian_V_OUT_Fun), (180 bytes).
    Removing main.o(.bss), (640 bytes).
    Removing main.o(.bss), (640 bytes).
    Removing main.o(.data), (1 bytes).
    Removing main.o(.data), (4 bytes).
    Removing main.o(.data), (1 bytes).
    Removing main.o(.data), (2 bytes).
    Removing main.o(.data), (2 bytes).
    Removing main.o(.data), (4 bytes).
    Removing main.o(.data), (4 bytes).
    Removing main.o(.data), (4 bytes).
    Removing main.o(.data), (1 bytes).
    Removing bsp_rs232_usart.o(.rev16_text), (4 bytes).
    Removing bsp_rs232_usart.o(.revsh_text), (4 bytes).
    Removing bsp_rs232_usart.o(.rrx_text), (6 bytes).
    Removing bsp_rs232_usart.o(i.Usart_SendByte), (24 bytes).
    Removing bsp_rs232_usart.o(i.Usart_SendHalfWord), (50 bytes).
    Removing bsp_rs232_usart.o(i.Usart_SendString), (38 bytes).
    Removing bsp_rs232_usart.o(i.fgetc), (32 bytes).
    Removing bsp_rs232_usart.o(i.fputc), (36 bytes).
    Removing bsp_rs232_usart.o(.bss), (128 bytes).
    Removing bsp_rs232_usart.o(.bss), (128 bytes).
    Removing bsp_rs232_usart.o(.data), (4 bytes).
    Removing bsp_rs232_usart.o(.data), (4 bytes).
    Removing bsp_rs232_usart.o(.data), (2 bytes).
    Removing bsp_general_tim.o(.rev16_text), (4 bytes).
    Removing bsp_general_tim.o(.revsh_text), (4 bytes).
    Removing bsp_general_tim.o(.rrx_text), (6 bytes).
    Removing bsp_general_tim.o(.data), (4 bytes).
    Removing bsp_general_tim.o(.data), (4 bytes).
    Removing bsp_sdram.o(.rev16_text), (4 bytes).
    Removing bsp_sdram.o(.revsh_text), (4 bytes).
    Removing bsp_sdram.o(.rrx_text), (6 bytes).
    Removing bsp_sdram.o(i.SDRAM_ReadBuffer), (48 bytes).
    Removing bsp_sdram.o(i.SDRAM_Test), (138 bytes).
    Removing bsp_sdram.o(i.SDRAM_WriteBuffer), (56 bytes).
    Removing gpio.o(.rev16_text), (4 bytes).
    Removing gpio.o(.revsh_text), (4 bytes).
    Removing gpio.o(.rrx_text), (6 bytes).
    Removing bsp_dac.o(.rev16_text), (4 bytes).
    Removing bsp_dac.o(.revsh_text), (4 bytes).
    Removing bsp_dac.o(.rrx_text), (6 bytes).
    Removing bsp_dac.o(.data), (2 bytes).
    Removing dneg.o(.text), (6 bytes).

441 unused section(s) (total 22227 bytes) removed from the image.

==============================================================================

Image Symbol Table

    Local Symbols

    Symbol Name                              Value     Ov Type        Size  Object(Section)

    ../clib/microlib/init/entry.s            0x00000000   Number         0  entry12b.o ABSOLUTE
    ../clib/microlib/init/entry.s            0x00000000   Number         0  entry7b.o ABSOLUTE
    ../clib/microlib/init/entry.s            0x00000000   Number         0  entry10a.o ABSOLUTE
    ../clib/microlib/init/entry.s            0x00000000   Number         0  entry10b.o ABSOLUTE
    ../clib/microlib/init/entry.s            0x00000000   Number         0  entry12a.o ABSOLUTE
    ../clib/microlib/init/entry.s            0x00000000   Number         0  entry11b.o ABSOLUTE
    ../clib/microlib/init/entry.s            0x00000000   Number         0  entry7a.o ABSOLUTE
    ../clib/microlib/init/entry.s            0x00000000   Number         0  entry5.o ABSOLUTE
    ../clib/microlib/init/entry.s            0x00000000   Number         0  entry11a.o ABSOLUTE
    ../clib/microlib/init/entry.s            0x00000000   Number         0  entry2.o ABSOLUTE
    ../clib/microlib/init/entry.s            0x00000000   Number         0  entry.o ABSOLUTE
    ../clib/microlib/init/entry.s            0x00000000   Number         0  entry9b.o ABSOLUTE
    ../clib/microlib/init/entry.s            0x00000000   Number         0  entry9a.o ABSOLUTE
    ../clib/microlib/init/entry.s            0x00000000   Number         0  entry8b.o ABSOLUTE
    ../clib/microlib/init/entry.s            0x00000000   Number         0  entry8a.o ABSOLUTE
    ../clib/microlib/longlong.c              0x00000000   Number         0  llsshr.o ABSOLUTE
    ../clib/microlib/longlong.c              0x00000000   Number         0  llshl.o ABSOLUTE
    ../clib/microlib/longlong.c              0x00000000   Number         0  llushr.o ABSOLUTE
    ../clib/microlib/string/memcpy.c         0x00000000   Number         0  memcpya.o ABSOLUTE
    ../clib/microlib/string/memcpy.c         0x00000000   Number         0  memcpyb.o ABSOLUTE
    ../clib/microlib/string/memset.c         0x00000000   Number         0  memseta.o ABSOLUTE
    ../clib/microlib/stubs.s                 0x00000000   Number         0  iusefp.o ABSOLUTE
    ../fplib/microlib/d2f.c                  0x00000000   Number         0  d2f.o ABSOLUTE
    ../fplib/microlib/f2d.c                  0x00000000   Number         0  f2d.o ABSOLUTE
    ../fplib/microlib/fpadd.c                0x00000000   Number         0  dadd.o ABSOLUTE
    ../fplib/microlib/fpdiv.c                0x00000000   Number         0  ddiv.o ABSOLUTE
    ../fplib/microlib/fpepilogue.c           0x00000000   Number         0  fepilogue.o ABSOLUTE
    ../fplib/microlib/fpepilogue.c           0x00000000   Number         0  depilogue.o ABSOLUTE
    ../fplib/microlib/fpflt.c                0x00000000   Number         0  dflti.o ABSOLUTE
    ../fplib/microlib/fpmul.c                0x00000000   Number         0  dmul.o ABSOLUTE
    ../fplib/microlib/fpneg.c                0x00000000   Number         0  dneg.o ABSOLUTE
    ..\..\HARDWARE\bsp_general_tim.c         0x00000000   Number         0  bsp_general_tim.o ABSOLUTE
    ..\..\HARDWARE\dac\bsp_dac.c             0x00000000   Number         0  bsp_dac.o ABSOLUTE
    ..\..\HARDWARE\gpio\gpio.c               0x00000000   Number         0  gpio.o ABSOLUTE
    ..\..\HARDWARE\sdram\bsp_sdram.c         0x00000000   Number         0  bsp_sdram.o ABSOLUTE
    ..\..\HARDWARE\usart\bsp_rs232_usart.c   0x00000000   Number         0  bsp_rs232_usart.o ABSOLUTE
    ..\..\Libraries\CMSIS\Device\ST\STM32F4xx\Source\Templates\arm\startup_stm32f429_439xx.s 0x00000000   Number         0  startup_stm32f429_439xx.o ABSOLUTE
    ..\..\Libraries\CMSIS\Device\ST\STM32F4xx\Source\Templates\system_stm32f4xx.c 0x00000000   Number         0  system_stm32f4xx.o ABSOLUTE
    ..\..\Libraries\STM32F4_Driver\src\misc.c 0x00000000   Number         0  misc.o ABSOLUTE
    ..\..\Libraries\STM32F4_Driver\src\stm32f4xx_adc.c 0x00000000   Number         0  stm32f4xx_adc.o ABSOLUTE
    ..\..\Libraries\STM32F4_Driver\src\stm32f4xx_dac.c 0x00000000   Number         0  stm32f4xx_dac.o ABSOLUTE
    ..\..\Libraries\STM32F4_Driver\src\stm32f4xx_dma.c 0x00000000   Number         0  stm32f4xx_dma.o ABSOLUTE
    ..\..\Libraries\STM32F4_Driver\src\stm32f4xx_exti.c 0x00000000   Number         0  stm32f4xx_exti.o ABSOLUTE
    ..\..\Libraries\STM32F4_Driver\src\stm32f4xx_flash.c 0x00000000   Number         0  stm32f4xx_flash.o ABSOLUTE
    ..\..\Libraries\STM32F4_Driver\src\stm32f4xx_fmc.c 0x00000000   Number         0  stm32f4xx_fmc.o ABSOLUTE
    ..\..\Libraries\STM32F4_Driver\src\stm32f4xx_gpio.c 0x00000000   Number         0  stm32f4xx_gpio.o ABSOLUTE
    ..\..\Libraries\STM32F4_Driver\src\stm32f4xx_iwdg.c 0x00000000   Number         0  stm32f4xx_iwdg.o ABSOLUTE
    ..\..\Libraries\STM32F4_Driver\src\stm32f4xx_rcc.c 0x00000000   Number         0  stm32f4xx_rcc.o ABSOLUTE
    ..\..\Libraries\STM32F4_Driver\src\stm32f4xx_spi.c 0x00000000   Number         0  stm32f4xx_spi.o ABSOLUTE
    ..\..\Libraries\STM32F4_Driver\src\stm32f4xx_syscfg.c 0x00000000   Number         0  stm32f4xx_syscfg.o ABSOLUTE
    ..\..\Libraries\STM32F4_Driver\src\stm32f4xx_tim.c 0x00000000   Number         0  stm32f4xx_tim.o ABSOLUTE
    ..\..\Libraries\STM32F4_Driver\src\stm32f4xx_usart.c 0x00000000   Number         0  stm32f4xx_usart.o ABSOLUTE
    ..\..\src\main.c                         0x00000000   Number         0  main.o ABSOLUTE
    ..\\..\\HARDWARE\\bsp_general_tim.c      0x00000000   Number         0  bsp_general_tim.o ABSOLUTE
    ..\\..\\HARDWARE\\dac\\bsp_dac.c         0x00000000   Number         0  bsp_dac.o ABSOLUTE
    ..\\..\\HARDWARE\\gpio\\gpio.c           0x00000000   Number         0  gpio.o ABSOLUTE
    ..\\..\\HARDWARE\\sdram\\bsp_sdram.c     0x00000000   Number         0  bsp_sdram.o ABSOLUTE
    ..\\..\\HARDWARE\\usart\\bsp_rs232_usart.c 0x00000000   Number         0  bsp_rs232_usart.o ABSOLUTE
    ..\\..\\Libraries\\CMSIS\\Device\\ST\\STM32F4xx\\Source\\Templates\\system_stm32f4xx.c 0x00000000   Number         0  system_stm32f4xx.o ABSOLUTE
    ..\\..\\Libraries\\STM32F4_Driver\\src\\misc.c 0x00000000   Number         0  misc.o ABSOLUTE
    ..\\..\\Libraries\\STM32F4_Driver\\src\\stm32f4xx_adc.c 0x00000000   Number         0  stm32f4xx_adc.o ABSOLUTE
    ..\\..\\Libraries\\STM32F4_Driver\\src\\stm32f4xx_dac.c 0x00000000   Number         0  stm32f4xx_dac.o ABSOLUTE
    ..\\..\\Libraries\\STM32F4_Driver\\src\\stm32f4xx_dma.c 0x00000000   Number         0  stm32f4xx_dma.o ABSOLUTE
    ..\\..\\Libraries\\STM32F4_Driver\\src\\stm32f4xx_exti.c 0x00000000   Number         0  stm32f4xx_exti.o ABSOLUTE
    ..\\..\\Libraries\\STM32F4_Driver\\src\\stm32f4xx_flash.c 0x00000000   Number         0  stm32f4xx_flash.o ABSOLUTE
    ..\\..\\Libraries\\STM32F4_Driver\\src\\stm32f4xx_fmc.c 0x00000000   Number         0  stm32f4xx_fmc.o ABSOLUTE
    ..\\..\\Libraries\\STM32F4_Driver\\src\\stm32f4xx_gpio.c 0x00000000   Number         0  stm32f4xx_gpio.o ABSOLUTE
    ..\\..\\Libraries\\STM32F4_Driver\\src\\stm32f4xx_iwdg.c 0x00000000   Number         0  stm32f4xx_iwdg.o ABSOLUTE
    ..\\..\\Libraries\\STM32F4_Driver\\src\\stm32f4xx_rcc.c 0x00000000   Number         0  stm32f4xx_rcc.o ABSOLUTE
    ..\\..\\Libraries\\STM32F4_Driver\\src\\stm32f4xx_spi.c 0x00000000   Number         0  stm32f4xx_spi.o ABSOLUTE
    ..\\..\\Libraries\\STM32F4_Driver\\src\\stm32f4xx_syscfg.c 0x00000000   Number         0  stm32f4xx_syscfg.o ABSOLUTE
    ..\\..\\Libraries\\STM32F4_Driver\\src\\stm32f4xx_tim.c 0x00000000   Number         0  stm32f4xx_tim.o ABSOLUTE
    ..\\..\\Libraries\\STM32F4_Driver\\src\\stm32f4xx_usart.c 0x00000000   Number         0  stm32f4xx_usart.o ABSOLUTE
    ..\\..\\src\\main.c                      0x00000000   Number         0  main.o ABSOLUTE
    cdcmple.s                                0x00000000   Number         0  cdcmple.o ABSOLUTE
    cdrcmple.s                               0x00000000   Number         0  cdrcmple.o ABSOLUTE
    dc.s                                     0x00000000   Number         0  dc.o ABSOLUTE
    handlers.s                               0x00000000   Number         0  handlers.o ABSOLUTE
    init.s                                   0x00000000   Number         0  init.o ABSOLUTE
    RESET                                    0x08000000   Section      428  startup_stm32f429_439xx.o(RESET)
    .ARM.Collect$$$$00000000                 0x080001ac   Section        0  entry.o(.ARM.Collect$$$$00000000)
    .ARM.Collect$$$$00000001                 0x080001ac   Section        4  entry2.o(.ARM.Collect$$$$00000001)
    .ARM.Collect$$$$00000004                 0x080001b0   Section        4  entry5.o(.ARM.Collect$$$$00000004)
    .ARM.Collect$$$$00000008                 0x080001b4   Section        0  entry7b.o(.ARM.Collect$$$$00000008)
    .ARM.Collect$$$$0000000A                 0x080001b4   Section        0  entry8b.o(.ARM.Collect$$$$0000000A)
    .ARM.Collect$$$$0000000B                 0x080001b4   Section        8  entry9a.o(.ARM.Collect$$$$0000000B)
    .ARM.Collect$$$$0000000E                 0x080001bc   Section        4  entry12b.o(.ARM.Collect$$$$0000000E)
    .ARM.Collect$$$$0000000F                 0x080001c0   Section        0  entry10a.o(.ARM.Collect$$$$0000000F)
    .ARM.Collect$$$$00000011                 0x080001c0   Section        0  entry11a.o(.ARM.Collect$$$$00000011)
    .ARM.Collect$$$$00002712                 0x080001c0   Section        4  entry2.o(.ARM.Collect$$$$00002712)
    __lit__00000000                          0x080001c0   Data           4  entry2.o(.ARM.Collect$$$$00002712)
    .text                                    0x080001c4   Section       36  startup_stm32f429_439xx.o(.text)
    $v0                                      0x080001c4   Number         0  startup_stm32f429_439xx.o(.text)
    .text                                    0x080001e8   Section        0  memcpya.o(.text)
    .text                                    0x0800020c   Section        0  memseta.o(.text)
    .text                                    0x08000230   Section        0  dadd.o(.text)
    .text                                    0x0800037e   Section        0  dmul.o(.text)
    .text                                    0x08000462   Section        0  ddiv.o(.text)
    .text                                    0x08000540   Section        0  dflti.o(.text)
    .text                                    0x08000562   Section        0  f2d.o(.text)
    .text                                    0x08000588   Section       48  cdcmple.o(.text)
    .text                                    0x080005b8   Section       48  cdrcmple.o(.text)
    .text                                    0x080005e8   Section        0  d2f.o(.text)
    .text                                    0x08000620   Section        0  llshl.o(.text)
    .text                                    0x0800063e   Section        0  llsshr.o(.text)
    .text                                    0x08000662   Section        0  iusefp.o(.text)
    .text                                    0x08000662   Section        0  fepilogue.o(.text)
    .text                                    0x080006d0   Section        0  depilogue.o(.text)
    .text                                    0x0800078c   Section       36  init.o(.text)
    .text                                    0x080007b0   Section        0  llushr.o(.text)
    i.Close_Show_Now_Vol_flg                 0x080007d0   Section        0  main.o(i.Close_Show_Now_Vol_flg)
    i.DAC1_Init                              0x080007fc   Section        0  bsp_dac.o(i.DAC1_Init)
    i.DAC_Cmd                                0x08000850   Section        0  stm32f4xx_dac.o(i.DAC_Cmd)
    i.DAC_Init                               0x08000870   Section        0  stm32f4xx_dac.o(i.DAC_Init)
    i.DAC_OUT_Vol                            0x08000898   Section        0  bsp_dac.o(i.DAC_OUT_Vol)
    i.DAC_SetChannel1Data                    0x08000914   Section        0  stm32f4xx_dac.o(i.DAC_SetChannel1Data)
    i.DAC_SoftwareTriggerCmd                 0x08000928   Section        0  stm32f4xx_dac.o(i.DAC_SoftwareTriggerCmd)
    i.Debug_USART_Config                     0x08000948   Section        0  bsp_rs232_usart.o(i.Debug_USART_Config)
    i.DelaymS                                0x080009f0   Section        0  main.o(i.DelaymS)
    i.FMC_GetFlagStatus                      0x08000a08   Section        0  stm32f4xx_fmc.o(i.FMC_GetFlagStatus)
    i.FMC_NORSRAMCmd                         0x08000a40   Section        0  stm32f4xx_fmc.o(i.FMC_NORSRAMCmd)
    i.FMC_NORSRAMDeInit                      0x08000a64   Section        0  stm32f4xx_fmc.o(i.FMC_NORSRAMDeInit)
    i.FMC_NORSRAMInit                        0x08000a94   Section        0  stm32f4xx_fmc.o(i.FMC_NORSRAMInit)
    i.FMC_SDRAMCmdConfig                     0x08000ba0   Section        0  stm32f4xx_fmc.o(i.FMC_SDRAMCmdConfig)
    i.FMC_SDRAMInit                          0x08000bc0   Section        0  stm32f4xx_fmc.o(i.FMC_SDRAMInit)
    i.FMC_SetRefreshCount                    0x08000cc8   Section        0  stm32f4xx_fmc.o(i.FMC_SetRefreshCount)
    i.GPIO_Configuration                     0x08000cd8   Section        0  gpio.o(i.GPIO_Configuration)
    i.GPIO_Init                              0x08000e30   Section        0  stm32f4xx_gpio.o(i.GPIO_Init)
    i.GPIO_PinAFConfig                       0x08000eac   Section        0  stm32f4xx_gpio.o(i.GPIO_PinAFConfig)
    i.GPIO_ResetBits                         0x08000ecc   Section        0  stm32f4xx_gpio.o(i.GPIO_ResetBits)
    i.GPIO_SetBits                           0x08000ed0   Section        0  stm32f4xx_gpio.o(i.GPIO_SetBits)
    i.NVIC_Configuration                     0x08000ed4   Section        0  bsp_rs232_usart.o(i.NVIC_Configuration)
    NVIC_Configuration                       0x08000ed5   Thumb Code    40  bsp_rs232_usart.o(i.NVIC_Configuration)
    i.NVIC_Init                              0x08000efc   Section        0  misc.o(i.NVIC_Init)
    i.NVIC_PriorityGroupConfig               0x08000f64   Section        0  misc.o(i.NVIC_PriorityGroupConfig)
    i.P_120KV_deal_20_FUN                    0x08000f78   Section        0  main.o(i.P_120KV_deal_20_FUN)
    i.P_120KV_deal_22_FUN                    0x080010ac   Section        0  main.o(i.P_120KV_deal_22_FUN)
    i.P_120KV_deal_30_FUN                    0x0800118c   Section        0  main.o(i.P_120KV_deal_30_FUN)
    i.P_120KV_deal_31_FUN                    0x08001384   Section        0  main.o(i.P_120KV_deal_31_FUN)
    i.P_120KV_deal_32_FUN                    0x0800142c   Section        0  main.o(i.P_120KV_deal_32_FUN)
    i.P_120KV_deal_33_FUN                    0x08001630   Section        0  main.o(i.P_120KV_deal_33_FUN)
    i.RCC_AHB1PeriphClockCmd                 0x080016e8   Section        0  stm32f4xx_rcc.o(i.RCC_AHB1PeriphClockCmd)
    i.RCC_AHB3PeriphClockCmd                 0x08001704   Section        0  stm32f4xx_rcc.o(i.RCC_AHB3PeriphClockCmd)
    i.RCC_APB1PeriphClockCmd                 0x08001720   Section        0  stm32f4xx_rcc.o(i.RCC_APB1PeriphClockCmd)
    i.RCC_APB2PeriphClockCmd                 0x0800173c   Section        0  stm32f4xx_rcc.o(i.RCC_APB2PeriphClockCmd)
    i.RCC_GetClocksFreq                      0x08001758   Section        0  stm32f4xx_rcc.o(i.RCC_GetClocksFreq)
    i.SDRAM_GPIO_Config                      0x080017fc   Section        0  bsp_sdram.o(i.SDRAM_GPIO_Config)
    SDRAM_GPIO_Config                        0x080017fd   Thumb Code   896  bsp_sdram.o(i.SDRAM_GPIO_Config)
    i.SDRAM_Init                             0x08001b90   Section        0  bsp_sdram.o(i.SDRAM_Init)
    i.SDRAM_InitSequence                     0x08001bea   Section        0  bsp_sdram.o(i.SDRAM_InitSequence)
    SDRAM_InitSequence                       0x08001beb   Thumb Code   154  bsp_sdram.o(i.SDRAM_InitSequence)
    i.SDRAM_delay                            0x08001c84   Section        0  bsp_sdram.o(i.SDRAM_delay)
    SDRAM_delay                              0x08001c85   Thumb Code    28  bsp_sdram.o(i.SDRAM_delay)
    i.SetSysClock                            0x08001ca4   Section        0  system_stm32f4xx.o(i.SetSysClock)
    SetSysClock                              0x08001ca5   Thumb Code   196  system_stm32f4xx.o(i.SetSysClock)
    i.Show_Now_Vol                           0x08001d78   Section        0  main.o(i.Show_Now_Vol)
    i.SystemInit                             0x08001ef4   Section        0  system_stm32f4xx.o(i.SystemInit)
    i.TIM2_IRQHandler                        0x08001f50   Section        0  bsp_general_tim.o(i.TIM2_IRQHandler)
    i.TIM_ClearFlag                          0x08002220   Section        0  stm32f4xx_tim.o(i.TIM_ClearFlag)
    i.TIM_ClearITPendingBit                  0x08002226   Section        0  stm32f4xx_tim.o(i.TIM_ClearITPendingBit)
    i.TIM_Cmd                                0x0800222c   Section        0  stm32f4xx_tim.o(i.TIM_Cmd)
    i.TIM_GetITStatus                        0x08002244   Section        0  stm32f4xx_tim.o(i.TIM_GetITStatus)
    i.TIM_ITConfig                           0x0800225c   Section        0  stm32f4xx_tim.o(i.TIM_ITConfig)
    i.TIM_Mode_Config                        0x08002270   Section        0  bsp_general_tim.o(i.TIM_Mode_Config)
    TIM_Mode_Config                          0x08002271   Thumb Code    72  bsp_general_tim.o(i.TIM_Mode_Config)
    i.TIM_TimeBaseInit                       0x080022b8   Section        0  stm32f4xx_tim.o(i.TIM_TimeBaseInit)
    i.TIMx_Configuration                     0x08002334   Section        0  bsp_general_tim.o(i.TIMx_Configuration)
    i.TIMx_NVIC_Configuration                0x08002342   Section        0  bsp_general_tim.o(i.TIMx_NVIC_Configuration)
    TIMx_NVIC_Configuration                  0x08002343   Thumb Code    40  bsp_general_tim.o(i.TIMx_NVIC_Configuration)
    i.Task_Progress                          0x0800236c   Section        0  main.o(i.Task_Progress)
    i.UART6_Rx_deal_Fun_LY                   0x0800244c   Section        0  bsp_rs232_usart.o(i.UART6_Rx_deal_Fun_LY)
    i.USART6_IRQHandler                      0x08002538   Section        0  bsp_rs232_usart.o(i.USART6_IRQHandler)
    i.USART_ClearFlag                        0x08002584   Section        0  stm32f4xx_usart.o(i.USART_ClearFlag)
    i.USART_ClearITPendingBit                0x0800258c   Section        0  stm32f4xx_usart.o(i.USART_ClearITPendingBit)
    i.USART_Cmd                              0x0800259c   Section        0  stm32f4xx_usart.o(i.USART_Cmd)
    i.USART_GetFlagStatus                    0x080025b4   Section        0  stm32f4xx_usart.o(i.USART_GetFlagStatus)
    i.USART_GetITStatus                      0x080025c2   Section        0  stm32f4xx_usart.o(i.USART_GetITStatus)
    i.USART_ITConfig                         0x08002602   Section        0  stm32f4xx_usart.o(i.USART_ITConfig)
    i.USART_Init                             0x08002638   Section        0  stm32f4xx_usart.o(i.USART_Init)
    i.USART_ReceiveData                      0x080026f4   Section        0  stm32f4xx_usart.o(i.USART_ReceiveData)
    i.USART_SendData                         0x080026fc   Section        0  stm32f4xx_usart.o(i.USART_SendData)
    i.WSYM_GPIO_Config                       0x08002704   Section        0  bsp_sdram.o(i.WSYM_GPIO_Config)
    WSYM_GPIO_Config                         0x08002705   Thumb Code   606  bsp_sdram.o(i.WSYM_GPIO_Config)
    i.WS_YM_FUN                              0x08002970   Section        0  bsp_sdram.o(i.WS_YM_FUN)
    i.__scatterload_copy                     0x080029d4   Section       14  handlers.o(i.__scatterload_copy)
    i.__scatterload_null                     0x080029e2   Section        2  handlers.o(i.__scatterload_null)
    i.__scatterload_zeroinit                 0x080029e4   Section       14  handlers.o(i.__scatterload_zeroinit)
    i.check_muxian_v_fun                     0x080029f4   Section        0  main.o(i.check_muxian_v_fun)
    i.check_out_v_fun                        0x08002a94   Section        0  main.o(i.check_out_v_fun)
    i.main                                   0x08002bdc   Section        0  main.o(i.main)
    i.usart_Send_Data                        0x08002c98   Section        0  bsp_rs232_usart.o(i.usart_Send_Data)
    i.xiancan_chufeidian_lvbo_Fun            0x08002cd8   Section        0  main.o(i.xiancan_chufeidian_lvbo_Fun)
    i.xiancan_zhongweizhipj_lvbo_Fun         0x08002d38   Section        0  main.o(i.xiancan_zhongweizhipj_lvbo_Fun)
    .data                                    0x20000000   Section       16  stm32f4xx_rcc.o(.data)
    APBAHBPrescTable                         0x20000000   Data          16  stm32f4xx_rcc.o(.data)
    .data                                    0x20000010   Section      104  main.o(.data)
    .data                                    0x20000078   Section        4  main.o(.data)
    .data                                    0x2000007c   Section        4  main.o(.data)
    .data                                    0x20000080   Section        2  main.o(.data)
    .data                                    0x20000082   Section        2  main.o(.data)
    .data                                    0x20000084   Section        1  main.o(.data)
    .data                                    0x20000086   Section        2  main.o(.data)
    .data                                    0x20000088   Section        4  main.o(.data)
    .data                                    0x2000008c   Section        4  main.o(.data)
    .data                                    0x20000090   Section        4  main.o(.data)
    .bss                                     0x20000094   Section     7320  main.o(.bss)
    .bss                                     0x20001d2c   Section      640  main.o(.bss)
    STACK                                    0x20001fb0   Section    12288  startup_stm32f429_439xx.o(STACK)

    Global Symbols

    Symbol Name                              Value     Ov Type        Size  Object(Section)

    BuildAttributes$$THM_ISAv4$E$P$D$K$B$S$7EM$VFPi3$EXTD16$VFPS$VFMA$PE$A:L22UL41UL21$X:L11$S22US41US21$IEEE1$IW$USESV6$~STKCKD$USESV7$~SHL$OTIME$ROPI$EBA8$MICROLIB$REQ8$PRES8$EABIv2 0x00000000   Number         0  anon$$obj.o ABSOLUTE
    __ARM_use_no_argv                        0x00000000   Number         0  main.o ABSOLUTE
    __arm_fini_                               - Undefined Weak Reference
    __cpp_initialize__aeabi_                  - Undefined Weak Reference
    __cxa_finalize                            - Undefined Weak Reference
    __decompress                              - Undefined Weak Reference
    _clock_init                               - Undefined Weak Reference
    _microlib_exit                            - Undefined Weak Reference
    __Vectors_Size                           0x000001ac   Number         0  startup_stm32f429_439xx.o ABSOLUTE
    __Vectors                                0x08000000   Data           4  startup_stm32f429_439xx.o(RESET)
    __Vectors_End                            0x080001ac   Data           0  startup_stm32f429_439xx.o(RESET)
    __main                                   0x080001ad   Thumb Code     0  entry.o(.ARM.Collect$$$$00000000)
    _main_stk                                0x080001ad   Thumb Code     0  entry2.o(.ARM.Collect$$$$00000001)
    _main_scatterload                        0x080001b1   Thumb Code     0  entry5.o(.ARM.Collect$$$$00000004)
    __main_after_scatterload                 0x080001b5   Thumb Code     0  entry5.o(.ARM.Collect$$$$00000004)
    _main_clock                              0x080001b5   Thumb Code     0  entry7b.o(.ARM.Collect$$$$00000008)
    _main_cpp_init                           0x080001b5   Thumb Code     0  entry8b.o(.ARM.Collect$$$$0000000A)
    _main_init                               0x080001b5   Thumb Code     0  entry9a.o(.ARM.Collect$$$$0000000B)
    __rt_lib_shutdown_fini                   0x080001bd   Thumb Code     0  entry12b.o(.ARM.Collect$$$$0000000E)
    __rt_final_cpp                           0x080001c1   Thumb Code     0  entry10a.o(.ARM.Collect$$$$0000000F)
    __rt_final_exit                          0x080001c1   Thumb Code     0  entry11a.o(.ARM.Collect$$$$00000011)
    Reset_Handler                            0x080001c5   Thumb Code     8  startup_stm32f429_439xx.o(.text)
    NMI_Handler                              0x080001cd   Thumb Code     2  startup_stm32f429_439xx.o(.text)
    HardFault_Handler                        0x080001cf   Thumb Code     2  startup_stm32f429_439xx.o(.text)
    MemManage_Handler                        0x080001d1   Thumb Code     2  startup_stm32f429_439xx.o(.text)
    BusFault_Handler                         0x080001d3   Thumb Code     2  startup_stm32f429_439xx.o(.text)
    UsageFault_Handler                       0x080001d5   Thumb Code     2  startup_stm32f429_439xx.o(.text)
    SVC_Handler                              0x080001d7   Thumb Code     2  startup_stm32f429_439xx.o(.text)
    DebugMon_Handler                         0x080001d9   Thumb Code     2  startup_stm32f429_439xx.o(.text)
    PendSV_Handler                           0x080001db   Thumb Code     2  startup_stm32f429_439xx.o(.text)
    SysTick_Handler                          0x080001dd   Thumb Code     2  startup_stm32f429_439xx.o(.text)
    ADC_IRQHandler                           0x080001df   Thumb Code     0  startup_stm32f429_439xx.o(.text)
    CAN1_RX0_IRQHandler                      0x080001df   Thumb Code     0  startup_stm32f429_439xx.o(.text)
    CAN1_RX1_IRQHandler                      0x080001df   Thumb Code     0  startup_stm32f429_439xx.o(.text)
    CAN1_SCE_IRQHandler                      0x080001df   Thumb Code     0  startup_stm32f429_439xx.o(.text)
    CAN1_TX_IRQHandler                       0x080001df   Thumb Code     0  startup_stm32f429_439xx.o(.text)
    CAN2_RX0_IRQHandler                      0x080001df   Thumb Code     0  startup_stm32f429_439xx.o(.text)
    CAN2_RX1_IRQHandler                      0x080001df   Thumb Code     0  startup_stm32f429_439xx.o(.text)
    CAN2_SCE_IRQHandler                      0x080001df   Thumb Code     0  startup_stm32f429_439xx.o(.text)
    CAN2_TX_IRQHandler                       0x080001df   Thumb Code     0  startup_stm32f429_439xx.o(.text)
    CRYP_IRQHandler                          0x080001df   Thumb Code     0  startup_stm32f429_439xx.o(.text)
    DCMI_IRQHandler                          0x080001df   Thumb Code     0  startup_stm32f429_439xx.o(.text)
    DMA1_Stream0_IRQHandler                  0x080001df   Thumb Code     0  startup_stm32f429_439xx.o(.text)
    DMA1_Stream1_IRQHandler                  0x080001df   Thumb Code     0  startup_stm32f429_439xx.o(.text)
    DMA1_Stream2_IRQHandler                  0x080001df   Thumb Code     0  startup_stm32f429_439xx.o(.text)
    DMA1_Stream3_IRQHandler                  0x080001df   Thumb Code     0  startup_stm32f429_439xx.o(.text)
    DMA1_Stream4_IRQHandler                  0x080001df   Thumb Code     0  startup_stm32f429_439xx.o(.text)
    DMA1_Stream5_IRQHandler                  0x080001df   Thumb Code     0  startup_stm32f429_439xx.o(.text)
    DMA1_Stream6_IRQHandler                  0x080001df   Thumb Code     0  startup_stm32f429_439xx.o(.text)
    DMA1_Stream7_IRQHandler                  0x080001df   Thumb Code     0  startup_stm32f429_439xx.o(.text)
    DMA2D_IRQHandler                         0x080001df   Thumb Code     0  startup_stm32f429_439xx.o(.text)
    DMA2_Stream0_IRQHandler                  0x080001df   Thumb Code     0  startup_stm32f429_439xx.o(.text)
    DMA2_Stream1_IRQHandler                  0x080001df   Thumb Code     0  startup_stm32f429_439xx.o(.text)
    DMA2_Stream2_IRQHandler                  0x080001df   Thumb Code     0  startup_stm32f429_439xx.o(.text)
    DMA2_Stream3_IRQHandler                  0x080001df   Thumb Code     0  startup_stm32f429_439xx.o(.text)
    DMA2_Stream4_IRQHandler                  0x080001df   Thumb Code     0  startup_stm32f429_439xx.o(.text)
    DMA2_Stream5_IRQHandler                  0x080001df   Thumb Code     0  startup_stm32f429_439xx.o(.text)
    DMA2_Stream6_IRQHandler                  0x080001df   Thumb Code     0  startup_stm32f429_439xx.o(.text)
    DMA2_Stream7_IRQHandler                  0x080001df   Thumb Code     0  startup_stm32f429_439xx.o(.text)
    ETH_IRQHandler                           0x080001df   Thumb Code     0  startup_stm32f429_439xx.o(.text)
    ETH_WKUP_IRQHandler                      0x080001df   Thumb Code     0  startup_stm32f429_439xx.o(.text)
    EXTI0_IRQHandler                         0x080001df   Thumb Code     0  startup_stm32f429_439xx.o(.text)
    EXTI15_10_IRQHandler                     0x080001df   Thumb Code     0  startup_stm32f429_439xx.o(.text)
    EXTI1_IRQHandler                         0x080001df   Thumb Code     0  startup_stm32f429_439xx.o(.text)
    EXTI2_IRQHandler                         0x080001df   Thumb Code     0  startup_stm32f429_439xx.o(.text)
    EXTI3_IRQHandler                         0x080001df   Thumb Code     0  startup_stm32f429_439xx.o(.text)
    EXTI4_IRQHandler                         0x080001df   Thumb Code     0  startup_stm32f429_439xx.o(.text)
    EXTI9_5_IRQHandler                       0x080001df   Thumb Code     0  startup_stm32f429_439xx.o(.text)
    FLASH_IRQHandler                         0x080001df   Thumb Code     0  startup_stm32f429_439xx.o(.text)
    FMC_IRQHandler                           0x080001df   Thumb Code     0  startup_stm32f429_439xx.o(.text)
    FPU_IRQHandler                           0x080001df   Thumb Code     0  startup_stm32f429_439xx.o(.text)
    HASH_RNG_IRQHandler                      0x080001df   Thumb Code     0  startup_stm32f429_439xx.o(.text)
    I2C1_ER_IRQHandler                       0x080001df   Thumb Code     0  startup_stm32f429_439xx.o(.text)
    I2C1_EV_IRQHandler                       0x080001df   Thumb Code     0  startup_stm32f429_439xx.o(.text)
    I2C2_ER_IRQHandler                       0x080001df   Thumb Code     0  startup_stm32f429_439xx.o(.text)
    I2C2_EV_IRQHandler                       0x080001df   Thumb Code     0  startup_stm32f429_439xx.o(.text)
    I2C3_ER_IRQHandler                       0x080001df   Thumb Code     0  startup_stm32f429_439xx.o(.text)
    I2C3_EV_IRQHandler                       0x080001df   Thumb Code     0  startup_stm32f429_439xx.o(.text)
    LTDC_ER_IRQHandler                       0x080001df   Thumb Code     0  startup_stm32f429_439xx.o(.text)
    LTDC_IRQHandler                          0x080001df   Thumb Code     0  startup_stm32f429_439xx.o(.text)
    OTG_FS_IRQHandler                        0x080001df   Thumb Code     0  startup_stm32f429_439xx.o(.text)
    OTG_FS_WKUP_IRQHandler                   0x080001df   Thumb Code     0  startup_stm32f429_439xx.o(.text)
    OTG_HS_EP1_IN_IRQHandler                 0x080001df   Thumb Code     0  startup_stm32f429_439xx.o(.text)
    OTG_HS_EP1_OUT_IRQHandler                0x080001df   Thumb Code     0  startup_stm32f429_439xx.o(.text)
    OTG_HS_IRQHandler                        0x080001df   Thumb Code     0  startup_stm32f429_439xx.o(.text)
    OTG_HS_WKUP_IRQHandler                   0x080001df   Thumb Code     0  startup_stm32f429_439xx.o(.text)
    PVD_IRQHandler                           0x080001df   Thumb Code     0  startup_stm32f429_439xx.o(.text)
    RCC_IRQHandler                           0x080001df   Thumb Code     0  startup_stm32f429_439xx.o(.text)
    RTC_Alarm_IRQHandler                     0x080001df   Thumb Code     0  startup_stm32f429_439xx.o(.text)
    RTC_WKUP_IRQHandler                      0x080001df   Thumb Code     0  startup_stm32f429_439xx.o(.text)
    SAI1_IRQHandler                          0x080001df   Thumb Code     0  startup_stm32f429_439xx.o(.text)
    SDIO_IRQHandler                          0x080001df   Thumb Code     0  startup_stm32f429_439xx.o(.text)
    SPI1_IRQHandler                          0x080001df   Thumb Code     0  startup_stm32f429_439xx.o(.text)
    SPI2_IRQHandler                          0x080001df   Thumb Code     0  startup_stm32f429_439xx.o(.text)
    SPI3_IRQHandler                          0x080001df   Thumb Code     0  startup_stm32f429_439xx.o(.text)
    SPI4_IRQHandler                          0x080001df   Thumb Code     0  startup_stm32f429_439xx.o(.text)
    SPI5_IRQHandler                          0x080001df   Thumb Code     0  startup_stm32f429_439xx.o(.text)
    SPI6_IRQHandler                          0x080001df   Thumb Code     0  startup_stm32f429_439xx.o(.text)
    TAMP_STAMP_IRQHandler                    0x080001df   Thumb Code     0  startup_stm32f429_439xx.o(.text)
    TIM1_BRK_TIM9_IRQHandler                 0x080001df   Thumb Code     0  startup_stm32f429_439xx.o(.text)
    TIM1_CC_IRQHandler                       0x080001df   Thumb Code     0  startup_stm32f429_439xx.o(.text)
    TIM1_TRG_COM_TIM11_IRQHandler            0x080001df   Thumb Code     0  startup_stm32f429_439xx.o(.text)
    TIM1_UP_TIM10_IRQHandler                 0x080001df   Thumb Code     0  startup_stm32f429_439xx.o(.text)
    TIM3_IRQHandler                          0x080001df   Thumb Code     0  startup_stm32f429_439xx.o(.text)
    TIM4_IRQHandler                          0x080001df   Thumb Code     0  startup_stm32f429_439xx.o(.text)
    TIM5_IRQHandler                          0x080001df   Thumb Code     0  startup_stm32f429_439xx.o(.text)
    TIM6_DAC_IRQHandler                      0x080001df   Thumb Code     0  startup_stm32f429_439xx.o(.text)
    TIM7_IRQHandler                          0x080001df   Thumb Code     0  startup_stm32f429_439xx.o(.text)
    TIM8_BRK_TIM12_IRQHandler                0x080001df   Thumb Code     0  startup_stm32f429_439xx.o(.text)
    TIM8_CC_IRQHandler                       0x080001df   Thumb Code     0  startup_stm32f429_439xx.o(.text)
    TIM8_TRG_COM_TIM14_IRQHandler            0x080001df   Thumb Code     0  startup_stm32f429_439xx.o(.text)
    TIM8_UP_TIM13_IRQHandler                 0x080001df   Thumb Code     0  startup_stm32f429_439xx.o(.text)
    UART4_IRQHandler                         0x080001df   Thumb Code     0  startup_stm32f429_439xx.o(.text)
    UART5_IRQHandler                         0x080001df   Thumb Code     0  startup_stm32f429_439xx.o(.text)
    UART7_IRQHandler                         0x080001df   Thumb Code     0  startup_stm32f429_439xx.o(.text)
    UART8_IRQHandler                         0x080001df   Thumb Code     0  startup_stm32f429_439xx.o(.text)
    USART1_IRQHandler                        0x080001df   Thumb Code     0  startup_stm32f429_439xx.o(.text)
    USART2_IRQHandler                        0x080001df   Thumb Code     0  startup_stm32f429_439xx.o(.text)
    USART3_IRQHandler                        0x080001df   Thumb Code     0  startup_stm32f429_439xx.o(.text)
    WWDG_IRQHandler                          0x080001df   Thumb Code     0  startup_stm32f429_439xx.o(.text)
    __aeabi_memcpy                           0x080001e9   Thumb Code    36  memcpya.o(.text)
    __aeabi_memcpy4                          0x080001e9   Thumb Code     0  memcpya.o(.text)
    __aeabi_memcpy8                          0x080001e9   Thumb Code     0  memcpya.o(.text)
    __aeabi_memset                           0x0800020d   Thumb Code    14  memseta.o(.text)
    __aeabi_memset4                          0x0800020d   Thumb Code     0  memseta.o(.text)
    __aeabi_memset8                          0x0800020d   Thumb Code     0  memseta.o(.text)
    __aeabi_memclr                           0x0800021b   Thumb Code     4  memseta.o(.text)
    __aeabi_memclr4                          0x0800021b   Thumb Code     0  memseta.o(.text)
    __aeabi_memclr8                          0x0800021b   Thumb Code     0  memseta.o(.text)
    _memset$wrapper                          0x0800021f   Thumb Code    18  memseta.o(.text)
    __aeabi_dadd                             0x08000231   Thumb Code   322  dadd.o(.text)
    __aeabi_dsub                             0x08000373   Thumb Code     6  dadd.o(.text)
    __aeabi_drsub                            0x08000379   Thumb Code     6  dadd.o(.text)
    __aeabi_dmul                             0x0800037f   Thumb Code   228  dmul.o(.text)
    __aeabi_ddiv                             0x08000463   Thumb Code   222  ddiv.o(.text)
    __aeabi_i2d                              0x08000541   Thumb Code    34  dflti.o(.text)
    __aeabi_f2d                              0x08000563   Thumb Code    38  f2d.o(.text)
    __aeabi_cdcmpeq                          0x08000589   Thumb Code     0  cdcmple.o(.text)
    __aeabi_cdcmple                          0x08000589   Thumb Code    48  cdcmple.o(.text)
    __aeabi_cdrcmple                         0x080005b9   Thumb Code    48  cdrcmple.o(.text)
    __aeabi_d2f                              0x080005e9   Thumb Code    56  d2f.o(.text)
    __aeabi_llsl                             0x08000621   Thumb Code    30  llshl.o(.text)
    _ll_shift_l                              0x08000621   Thumb Code     0  llshl.o(.text)
    __aeabi_lasr                             0x0800063f   Thumb Code    36  llsshr.o(.text)
    _ll_sshift_r                             0x0800063f   Thumb Code     0  llsshr.o(.text)
    __I$use$fp                               0x08000663   Thumb Code     0  iusefp.o(.text)
    _float_round                             0x08000663   Thumb Code    18  fepilogue.o(.text)
    _float_epilogue                          0x08000675   Thumb Code    92  fepilogue.o(.text)
    _double_round                            0x080006d1   Thumb Code    30  depilogue.o(.text)
    _double_epilogue                         0x080006ef   Thumb Code   156  depilogue.o(.text)
    __scatterload                            0x0800078d   Thumb Code    28  init.o(.text)
    __scatterload_rt2                        0x0800078d   Thumb Code     0  init.o(.text)
    __aeabi_llsr                             0x080007b1   Thumb Code    32  llushr.o(.text)
    _ll_ushift_r                             0x080007b1   Thumb Code     0  llushr.o(.text)
    Close_Show_Now_Vol_flg                   0x080007d1   Thumb Code    32  main.o(i.Close_Show_Now_Vol_flg)
    DAC1_Init                                0x080007fd   Thumb Code    80  bsp_dac.o(i.DAC1_Init)
    DAC_Cmd                                  0x08000851   Thumb Code    26  stm32f4xx_dac.o(i.DAC_Cmd)
    DAC_Init                                 0x08000871   Thumb Code    36  stm32f4xx_dac.o(i.DAC_Init)
    DAC_OUT_Vol                              0x08000899   Thumb Code    96  bsp_dac.o(i.DAC_OUT_Vol)
    DAC_SetChannel1Data                      0x08000915   Thumb Code    16  stm32f4xx_dac.o(i.DAC_SetChannel1Data)
    DAC_SoftwareTriggerCmd                   0x08000929   Thumb Code    28  stm32f4xx_dac.o(i.DAC_SoftwareTriggerCmd)
    Debug_USART_Config                       0x08000949   Thumb Code   158  bsp_rs232_usart.o(i.Debug_USART_Config)
    DelaymS                                  0x080009f1   Thumb Code    24  main.o(i.DelaymS)
    FMC_GetFlagStatus                        0x08000a09   Thumb Code    54  stm32f4xx_fmc.o(i.FMC_GetFlagStatus)
    FMC_NORSRAMCmd                           0x08000a41   Thumb Code    30  stm32f4xx_fmc.o(i.FMC_NORSRAMCmd)
    FMC_NORSRAMDeInit                        0x08000a65   Thumb Code    48  stm32f4xx_fmc.o(i.FMC_NORSRAMDeInit)
    FMC_NORSRAMInit                          0x08000a95   Thumb Code   264  stm32f4xx_fmc.o(i.FMC_NORSRAMInit)
    FMC_SDRAMCmdConfig                       0x08000ba1   Thumb Code    26  stm32f4xx_fmc.o(i.FMC_SDRAMCmdConfig)
    FMC_SDRAMInit                            0x08000bc1   Thumb Code   262  stm32f4xx_fmc.o(i.FMC_SDRAMInit)
    FMC_SetRefreshCount                      0x08000cc9   Thumb Code    12  stm32f4xx_fmc.o(i.FMC_SetRefreshCount)
    GPIO_Configuration                       0x08000cd9   Thumb Code   326  gpio.o(i.GPIO_Configuration)
    GPIO_Init                                0x08000e31   Thumb Code   124  stm32f4xx_gpio.o(i.GPIO_Init)
    GPIO_PinAFConfig                         0x08000ead   Thumb Code    32  stm32f4xx_gpio.o(i.GPIO_PinAFConfig)
    GPIO_ResetBits                           0x08000ecd   Thumb Code     4  stm32f4xx_gpio.o(i.GPIO_ResetBits)
    GPIO_SetBits                             0x08000ed1   Thumb Code     4  stm32f4xx_gpio.o(i.GPIO_SetBits)
    NVIC_Init                                0x08000efd   Thumb Code    98  misc.o(i.NVIC_Init)
    NVIC_PriorityGroupConfig                 0x08000f65   Thumb Code    10  misc.o(i.NVIC_PriorityGroupConfig)
    P_120KV_deal_20_FUN                      0x08000f79   Thumb Code   278  main.o(i.P_120KV_deal_20_FUN)
    P_120KV_deal_22_FUN                      0x080010ad   Thumb Code   196  main.o(i.P_120KV_deal_22_FUN)
    P_120KV_deal_30_FUN                      0x0800118d   Thumb Code   434  main.o(i.P_120KV_deal_30_FUN)
    P_120KV_deal_31_FUN                      0x08001385   Thumb Code   146  main.o(i.P_120KV_deal_31_FUN)
    P_120KV_deal_32_FUN                      0x0800142d   Thumb Code   490  main.o(i.P_120KV_deal_32_FUN)
    P_120KV_deal_33_FUN                      0x08001631   Thumb Code   164  main.o(i.P_120KV_deal_33_FUN)
    RCC_AHB1PeriphClockCmd                   0x080016e9   Thumb Code    22  stm32f4xx_rcc.o(i.RCC_AHB1PeriphClockCmd)
    RCC_AHB3PeriphClockCmd                   0x08001705   Thumb Code    22  stm32f4xx_rcc.o(i.RCC_AHB3PeriphClockCmd)
    RCC_APB1PeriphClockCmd                   0x08001721   Thumb Code    22  stm32f4xx_rcc.o(i.RCC_APB1PeriphClockCmd)
    RCC_APB2PeriphClockCmd                   0x0800173d   Thumb Code    22  stm32f4xx_rcc.o(i.RCC_APB2PeriphClockCmd)
    RCC_GetClocksFreq                        0x08001759   Thumb Code   148  stm32f4xx_rcc.o(i.RCC_GetClocksFreq)
    SDRAM_Init                               0x08001b91   Thumb Code    90  bsp_sdram.o(i.SDRAM_Init)
    Show_Now_Vol                             0x08001d79   Thumb Code   316  main.o(i.Show_Now_Vol)
    SystemInit                               0x08001ef5   Thumb Code    74  system_stm32f4xx.o(i.SystemInit)
    TIM2_IRQHandler                          0x08001f51   Thumb Code   578  bsp_general_tim.o(i.TIM2_IRQHandler)
    TIM_ClearFlag                            0x08002221   Thumb Code     6  stm32f4xx_tim.o(i.TIM_ClearFlag)
    TIM_ClearITPendingBit                    0x08002227   Thumb Code     6  stm32f4xx_tim.o(i.TIM_ClearITPendingBit)
    TIM_Cmd                                  0x0800222d   Thumb Code    24  stm32f4xx_tim.o(i.TIM_Cmd)
    TIM_GetITStatus                          0x08002245   Thumb Code    24  stm32f4xx_tim.o(i.TIM_GetITStatus)
    TIM_ITConfig                             0x0800225d   Thumb Code    20  stm32f4xx_tim.o(i.TIM_ITConfig)
    TIM_TimeBaseInit                         0x080022b9   Thumb Code    96  stm32f4xx_tim.o(i.TIM_TimeBaseInit)
    TIMx_Configuration                       0x08002335   Thumb Code    14  bsp_general_tim.o(i.TIMx_Configuration)
    Task_Progress                            0x0800236d   Thumb Code   202  main.o(i.Task_Progress)
    UART6_Rx_deal_Fun_LY                     0x0800244d   Thumb Code   202  bsp_rs232_usart.o(i.UART6_Rx_deal_Fun_LY)
    USART6_IRQHandler                        0x08002539   Thumb Code    72  bsp_rs232_usart.o(i.USART6_IRQHandler)
    USART_ClearFlag                          0x08002585   Thumb Code     8  stm32f4xx_usart.o(i.USART_ClearFlag)
    USART_ClearITPendingBit                  0x0800258d   Thumb Code    16  stm32f4xx_usart.o(i.USART_ClearITPendingBit)
    USART_Cmd                                0x0800259d   Thumb Code    24  stm32f4xx_usart.o(i.USART_Cmd)
    USART_GetFlagStatus                      0x080025b5   Thumb Code    14  stm32f4xx_usart.o(i.USART_GetFlagStatus)
    USART_GetITStatus                        0x080025c3   Thumb Code    64  stm32f4xx_usart.o(i.USART_GetITStatus)
    USART_ITConfig                           0x08002603   Thumb Code    54  stm32f4xx_usart.o(i.USART_ITConfig)
    USART_Init                               0x08002639   Thumb Code   180  stm32f4xx_usart.o(i.USART_Init)
    USART_ReceiveData                        0x080026f5   Thumb Code     8  stm32f4xx_usart.o(i.USART_ReceiveData)
    USART_SendData                           0x080026fd   Thumb Code     8  stm32f4xx_usart.o(i.USART_SendData)
    WS_YM_FUN                                0x08002971   Thumb Code   100  bsp_sdram.o(i.WS_YM_FUN)
    __scatterload_copy                       0x080029d5   Thumb Code    14  handlers.o(i.__scatterload_copy)
    __scatterload_null                       0x080029e3   Thumb Code     2  handlers.o(i.__scatterload_null)
    __scatterload_zeroinit                   0x080029e5   Thumb Code    14  handlers.o(i.__scatterload_zeroinit)
    check_muxian_v_fun                       0x080029f5   Thumb Code   128  main.o(i.check_muxian_v_fun)
    check_out_v_fun                          0x08002a95   Thumb Code   284  main.o(i.check_out_v_fun)
    main                                     0x08002bdd   Thumb Code   172  main.o(i.main)
    usart_Send_Data                          0x08002c99   Thumb Code    58  bsp_rs232_usart.o(i.usart_Send_Data)
    xiancan_chufeidian_lvbo_Fun              0x08002cd9   Thumb Code    92  main.o(i.xiancan_chufeidian_lvbo_Fun)
    xiancan_zhongweizhipj_lvbo_Fun           0x08002d39   Thumb Code   102  main.o(i.xiancan_zhongweizhipj_lvbo_Fun)
    Region$$Table$$Base                      0x08002da0   Number         0  anon$$obj.o(Region$$Table)
    Region$$Table$$Limit                     0x08002dc0   Number         0  anon$$obj.o(Region$$Table)
    b_sample_status                          0x20000010   Data           1  main.o(.data)
    bt_start_DA_out_flg                      0x20000011   Data           1  main.o(.data)
    bt_achieve_goal_v_flg                    0x20000012   Data           1  main.o(.data)
    bt_CheckV_Time                           0x20000013   Data           1  main.o(.data)
    bt_CheckV_flg                            0x20000014   Data           1  main.o(.data)
    bt_status_test_over_flg                  0x20000015   Data           1  main.o(.data)
    muxian_achieveVol_flg                    0x20000016   Data           1  main.o(.data)
    bt_LYsample_time_over_flg                0x20000017   Data           1  main.o(.data)
    bt_sample_over_flg                       0x20000018   Data           1  main.o(.data)
    ac_achieveVol_flg                        0x20000019   Data           1  main.o(.data)
    bt_shengya_ok_flg                        0x2000001a   Data           1  main.o(.data)
    show_now_caiji_finish_flg                0x2000001b   Data           1  main.o(.data)
    show_now_vol_state                       0x2000001c   Data           1  main.o(.data)
    bit_over_vol_flg                         0x2000001d   Data           1  main.o(.data)
    bit_convert_data_state                   0x2000001e   Data           1  main.o(.data)
    s_120kv_package_ord                      0x20000020   Data           2  main.o(.data)
    s_120kv_package_all_num                  0x20000022   Data           2  main.o(.data)
    b_PC_V_JZ                                0x20000024   Data           4  main.o(.data)
    b_PC_I_JZ                                0x20000028   Data           4  main.o(.data)
    s_120KV_V_ptr                            0x2000002c   Data           4  main.o(.data)
    s_120KV_I_ptr                            0x20000030   Data           4  main.o(.data)
    bt_Rx_Over_flg_LY                        0x20000034   Data           4  main.o(.data)
    f_DAC_OUT_V                              0x20000038   Data           4  main.o(.data)
    d_muxian_vol                             0x2000003c   Data           4  main.o(.data)
    Vol_RateMost                             0x20000040   Data           4  main.o(.data)
    f_AC_OutputVol_Max                       0x20000044   Data           4  main.o(.data)
    now_pack_num                             0x20000048   Data           4  main.o(.data)
    f_LI_V                                   0x2000004c   Data           4  main.o(.data)
    f_muxian_V                               0x20000050   Data           4  main.o(.data)
    i_status_test_ord                        0x20000054   Data           4  main.o(.data)
    bt_is_convert_flg                        0x20000058   Data           4  main.o(.data)
    i_status_pulse_ord                       0x2000005c   Data           4  main.o(.data)
    i_Tx_irq_num_LY                          0x20000060   Data           4  main.o(.data)
    Set_Vol                                  0x20000064   Data           4  main.o(.data)
    i_Sample_all_Num                         0x20000068   Data           4  main.o(.data)
    i_DAC_dly_num                            0x2000006c   Data           4  main.o(.data)
    show_now_vol                             0x20000070   Data           4  main.o(.data)
    bit_over_vol_sum                         0x20000074   Data           4  main.o(.data)
    s_ADC_sample_ptr                         0x20000078   Data           4  main.o(.data)
    bt_Rx_Timer_start_flg_LY                 0x2000007c   Data           4  main.o(.data)
    s_sample_temp1                           0x20000080   Data           2  main.o(.data)
    s_sample_temp2                           0x20000082   Data           2  main.o(.data)
    bt_status_sample_over_flg                0x20000084   Data           1  main.o(.data)
    i_status_sample_ord                      0x20000086   Data           2  main.o(.data)
    i_Rx_irq_num_LY                          0x20000088   Data           4  main.o(.data)
    i_Rx_TN1ms_LY                            0x2000008c   Data           4  main.o(.data)
    i_Rx_comm_len_LY                         0x20000090   Data           4  main.o(.data)
    s_li_power_array                         0x20000094   Data         220  main.o(.bss)
    s_muxian_v_array                         0x20000170   Data         220  main.o(.bss)
    s_mid_power_array                        0x2000024c   Data         640  main.o(.bss)
    b_RX_Array_LY                            0x200004cc   Data        3000  main.o(.bss)
    b_TX_Array_LY                            0x20001084   Data        3000  main.o(.bss)
    s_show_now_array                         0x20001c3c   Data         240  main.o(.bss)
    s_LI_V_array                             0x20001d2c   Data         640  main.o(.bss)
    __initial_sp                             0x20004fb0   Data           0  startup_stm32f429_439xx.o(STACK)



==============================================================================

Memory Map of the image

  Image Entry point : 0x080001ad

  Load Region LR_IROM1 (Base: 0x08000000, Size: 0x00002e54, Max: 0x00100000, ABSOLUTE)

    Execution Region ER_IROM1 (Exec base: 0x08000000, Load base: 0x08000000, Size: 0x00002dc0, Max: 0x00100000, ABSOLUTE)

    Exec Addr    Load Addr    Size         Type   Attr      Idx    E Section Name        Object

    0x08000000   0x08000000   0x000001ac   Data   RO            3    RESET               startup_stm32f429_439xx.o
    0x080001ac   0x080001ac   0x00000000   Code   RO         3174  * .ARM.Collect$$$$00000000  mc_w.l(entry.o)
    0x080001ac   0x080001ac   0x00000004   Code   RO         3201    .ARM.Collect$$$$00000001  mc_w.l(entry2.o)
    0x080001b0   0x080001b0   0x00000004   Code   RO         3204    .ARM.Collect$$$$00000004  mc_w.l(entry5.o)
    0x080001b4   0x080001b4   0x00000000   Code   RO         3206    .ARM.Collect$$$$00000008  mc_w.l(entry7b.o)
    0x080001b4   0x080001b4   0x00000000   Code   RO         3208    .ARM.Collect$$$$0000000A  mc_w.l(entry8b.o)
    0x080001b4   0x080001b4   0x00000008   Code   RO         3209    .ARM.Collect$$$$0000000B  mc_w.l(entry9a.o)
    0x080001bc   0x080001bc   0x00000004   Code   RO         3216    .ARM.Collect$$$$0000000E  mc_w.l(entry12b.o)
    0x080001c0   0x080001c0   0x00000000   Code   RO         3211    .ARM.Collect$$$$0000000F  mc_w.l(entry10a.o)
    0x080001c0   0x080001c0   0x00000000   Code   RO         3213    .ARM.Collect$$$$00000011  mc_w.l(entry11a.o)
    0x080001c0   0x080001c0   0x00000004   Code   RO         3202    .ARM.Collect$$$$00002712  mc_w.l(entry2.o)
    0x080001c4   0x080001c4   0x00000024   Code   RO            4    .text               startup_stm32f429_439xx.o
    0x080001e8   0x080001e8   0x00000024   Code   RO         3177    .text               mc_w.l(memcpya.o)
    0x0800020c   0x0800020c   0x00000024   Code   RO         3179    .text               mc_w.l(memseta.o)
    0x08000230   0x08000230   0x0000014e   Code   RO         3183    .text               mf_w.l(dadd.o)
    0x0800037e   0x0800037e   0x000000e4   Code   RO         3185    .text               mf_w.l(dmul.o)
    0x08000462   0x08000462   0x000000de   Code   RO         3187    .text               mf_w.l(ddiv.o)
    0x08000540   0x08000540   0x00000022   Code   RO         3191    .text               mf_w.l(dflti.o)
    0x08000562   0x08000562   0x00000026   Code   RO         3193    .text               mf_w.l(f2d.o)
    0x08000588   0x08000588   0x00000030   Code   RO         3195    .text               mf_w.l(cdcmple.o)
    0x080005b8   0x080005b8   0x00000030   Code   RO         3197    .text               mf_w.l(cdrcmple.o)
    0x080005e8   0x080005e8   0x00000038   Code   RO         3199    .text               mf_w.l(d2f.o)
    0x08000620   0x08000620   0x0000001e   Code   RO         3217    .text               mc_w.l(llshl.o)
    0x0800063e   0x0800063e   0x00000024   Code   RO         3219    .text               mc_w.l(llsshr.o)
    0x08000662   0x08000662   0x00000000   Code   RO         3221    .text               mc_w.l(iusefp.o)
    0x08000662   0x08000662   0x0000006e   Code   RO         3222    .text               mf_w.l(fepilogue.o)
    0x080006d0   0x080006d0   0x000000ba   Code   RO         3224    .text               mf_w.l(depilogue.o)
    0x0800078a   0x0800078a   0x00000002   PAD
    0x0800078c   0x0800078c   0x00000024   Code   RO         3226    .text               mc_w.l(init.o)
    0x080007b0   0x080007b0   0x00000020   Code   RO         3228    .text               mc_w.l(llushr.o)
    0x080007d0   0x080007d0   0x0000002c   Code   RO         2659    i.Close_Show_Now_Vol_flg  main.o
    0x080007fc   0x080007fc   0x00000054   Code   RO         3141    i.DAC1_Init         bsp_dac.o
    0x08000850   0x08000850   0x00000020   Code   RO         2146    i.DAC_Cmd           stm32f4xx_dac.o
    0x08000870   0x08000870   0x00000028   Code   RO         2154    i.DAC_Init          stm32f4xx_dac.o
    0x08000898   0x08000898   0x0000007c   Code   RO         3142    i.DAC_OUT_Vol       bsp_dac.o
    0x08000914   0x08000914   0x00000014   Code   RO         2155    i.DAC_SetChannel1Data  stm32f4xx_dac.o
    0x08000928   0x08000928   0x00000020   Code   RO         2158    i.DAC_SoftwareTriggerCmd  stm32f4xx_dac.o
    0x08000948   0x08000948   0x000000a8   Code   RO         2905    i.Debug_USART_Config  bsp_rs232_usart.o
    0x080009f0   0x080009f0   0x00000018   Code   RO         2660    i.DelaymS           main.o
    0x08000a08   0x08000a08   0x00000036   Code   RO         1334    i.FMC_GetFlagStatus  stm32f4xx_fmc.o
    0x08000a3e   0x08000a3e   0x00000002   PAD
    0x08000a40   0x08000a40   0x00000024   Code   RO         1343    i.FMC_NORSRAMCmd    stm32f4xx_fmc.o
    0x08000a64   0x08000a64   0x00000030   Code   RO         1344    i.FMC_NORSRAMDeInit  stm32f4xx_fmc.o
    0x08000a94   0x08000a94   0x0000010c   Code   RO         1345    i.FMC_NORSRAMInit   stm32f4xx_fmc.o
    0x08000ba0   0x08000ba0   0x00000020   Code   RO         1351    i.FMC_SDRAMCmdConfig  stm32f4xx_fmc.o
    0x08000bc0   0x08000bc0   0x00000106   Code   RO         1353    i.FMC_SDRAMInit     stm32f4xx_fmc.o
    0x08000cc6   0x08000cc6   0x00000002   PAD
    0x08000cc8   0x08000cc8   0x00000010   Code   RO         1357    i.FMC_SetRefreshCount  stm32f4xx_fmc.o
    0x08000cd8   0x08000cd8   0x00000158   Code   RO         3114    i.GPIO_Configuration  gpio.o
    0x08000e30   0x08000e30   0x0000007c   Code   RO          134    i.GPIO_Init         stm32f4xx_gpio.o
    0x08000eac   0x08000eac   0x00000020   Code   RO          135    i.GPIO_PinAFConfig  stm32f4xx_gpio.o
    0x08000ecc   0x08000ecc   0x00000004   Code   RO          141    i.GPIO_ResetBits    stm32f4xx_gpio.o
    0x08000ed0   0x08000ed0   0x00000004   Code   RO          142    i.GPIO_SetBits      stm32f4xx_gpio.o
    0x08000ed4   0x08000ed4   0x00000028   Code   RO         2906    i.NVIC_Configuration  bsp_rs232_usart.o
    0x08000efc   0x08000efc   0x00000068   Code   RO           13    i.NVIC_Init         misc.o
    0x08000f64   0x08000f64   0x00000014   Code   RO           14    i.NVIC_PriorityGroupConfig  misc.o
    0x08000f78   0x08000f78   0x00000134   Code   RO         2662    i.P_120KV_deal_20_FUN  main.o
    0x080010ac   0x080010ac   0x000000e0   Code   RO         2663    i.P_120KV_deal_22_FUN  main.o
    0x0800118c   0x0800118c   0x000001f8   Code   RO         2664    i.P_120KV_deal_30_FUN  main.o
    0x08001384   0x08001384   0x000000a8   Code   RO         2665    i.P_120KV_deal_31_FUN  main.o
    0x0800142c   0x0800142c   0x00000204   Code   RO         2666    i.P_120KV_deal_32_FUN  main.o
    0x08001630   0x08001630   0x000000b8   Code   RO         2667    i.P_120KV_deal_33_FUN  main.o
    0x080016e8   0x080016e8   0x0000001c   Code   RO          235    i.RCC_AHB1PeriphClockCmd  stm32f4xx_rcc.o
    0x08001704   0x08001704   0x0000001c   Code   RO          241    i.RCC_AHB3PeriphClockCmd  stm32f4xx_rcc.o
    0x08001720   0x08001720   0x0000001c   Code   RO          244    i.RCC_APB1PeriphClockCmd  stm32f4xx_rcc.o
    0x0800173c   0x0800173c   0x0000001c   Code   RO          247    i.RCC_APB2PeriphClockCmd  stm32f4xx_rcc.o
    0x08001758   0x08001758   0x000000a4   Code   RO          256    i.RCC_GetClocksFreq  stm32f4xx_rcc.o
    0x080017fc   0x080017fc   0x00000394   Code   RO         3043    i.SDRAM_GPIO_Config  bsp_sdram.o
    0x08001b90   0x08001b90   0x0000005a   Code   RO         3044    i.SDRAM_Init        bsp_sdram.o
    0x08001bea   0x08001bea   0x0000009a   Code   RO         3045    i.SDRAM_InitSequence  bsp_sdram.o
    0x08001c84   0x08001c84   0x00000020   Code   RO         3049    i.SDRAM_delay       bsp_sdram.o
    0x08001ca4   0x08001ca4   0x000000d4   Code   RO         2618    i.SetSysClock       system_stm32f4xx.o
    0x08001d78   0x08001d78   0x0000017c   Code   RO         2668    i.Show_Now_Vol      main.o
    0x08001ef4   0x08001ef4   0x0000005c   Code   RO         2620    i.SystemInit        system_stm32f4xx.o
    0x08001f50   0x08001f50   0x000002d0   Code   RO         2996    i.TIM2_IRQHandler   bsp_general_tim.o
    0x08002220   0x08002220   0x00000006   Code   RO          775    i.TIM_ClearFlag     stm32f4xx_tim.o
    0x08002226   0x08002226   0x00000006   Code   RO          776    i.TIM_ClearITPendingBit  stm32f4xx_tim.o
    0x0800222c   0x0800222c   0x00000018   Code   RO          781    i.TIM_Cmd           stm32f4xx_tim.o
    0x08002244   0x08002244   0x00000018   Code   RO          802    i.TIM_GetITStatus   stm32f4xx_tim.o
    0x0800225c   0x0800225c   0x00000014   Code   RO          806    i.TIM_ITConfig      stm32f4xx_tim.o
    0x08002270   0x08002270   0x00000048   Code   RO         2997    i.TIM_Mode_Config   bsp_general_tim.o
    0x080022b8   0x080022b8   0x0000007c   Code   RO          853    i.TIM_TimeBaseInit  stm32f4xx_tim.o
    0x08002334   0x08002334   0x0000000e   Code   RO         2998    i.TIMx_Configuration  bsp_general_tim.o
    0x08002342   0x08002342   0x00000028   Code   RO         2999    i.TIMx_NVIC_Configuration  bsp_general_tim.o
    0x0800236a   0x0800236a   0x00000002   PAD
    0x0800236c   0x0800236c   0x000000e0   Code   RO         2669    i.Task_Progress     main.o
    0x0800244c   0x0800244c   0x000000ec   Code   RO         2907    i.UART6_Rx_deal_Fun_LY  bsp_rs232_usart.o
    0x08002538   0x08002538   0x0000004c   Code   RO         2908    i.USART6_IRQHandler  bsp_rs232_usart.o
    0x08002584   0x08002584   0x00000008   Code   RO          573    i.USART_ClearFlag   stm32f4xx_usart.o
    0x0800258c   0x0800258c   0x00000010   Code   RO          574    i.USART_ClearITPendingBit  stm32f4xx_usart.o
    0x0800259c   0x0800259c   0x00000018   Code   RO          577    i.USART_Cmd         stm32f4xx_usart.o
    0x080025b4   0x080025b4   0x0000000e   Code   RO          580    i.USART_GetFlagStatus  stm32f4xx_usart.o
    0x080025c2   0x080025c2   0x00000040   Code   RO          581    i.USART_GetITStatus  stm32f4xx_usart.o
    0x08002602   0x08002602   0x00000036   Code   RO          583    i.USART_ITConfig    stm32f4xx_usart.o
    0x08002638   0x08002638   0x000000bc   Code   RO          584    i.USART_Init        stm32f4xx_usart.o
    0x080026f4   0x080026f4   0x00000008   Code   RO          591    i.USART_ReceiveData  stm32f4xx_usart.o
    0x080026fc   0x080026fc   0x00000008   Code   RO          594    i.USART_SendData    stm32f4xx_usart.o
    0x08002704   0x08002704   0x0000026c   Code   RO         3050    i.WSYM_GPIO_Config  bsp_sdram.o
    0x08002970   0x08002970   0x00000064   Code   RO         3051    i.WS_YM_FUN         bsp_sdram.o
    0x080029d4   0x080029d4   0x0000000e   Code   RO         3232    i.__scatterload_copy  mc_w.l(handlers.o)
    0x080029e2   0x080029e2   0x00000002   Code   RO         3233    i.__scatterload_null  mc_w.l(handlers.o)
    0x080029e4   0x080029e4   0x0000000e   Code   RO         3234    i.__scatterload_zeroinit  mc_w.l(handlers.o)
    0x080029f2   0x080029f2   0x00000002   PAD
    0x080029f4   0x080029f4   0x000000a0   Code   RO         2671    i.check_muxian_v_fun  main.o
    0x08002a94   0x08002a94   0x00000148   Code   RO         2672    i.check_out_v_fun   main.o
    0x08002bdc   0x08002bdc   0x000000bc   Code   RO         2673    i.main              main.o
    0x08002c98   0x08002c98   0x00000040   Code   RO         2914    i.usart_Send_Data   bsp_rs232_usart.o
    0x08002cd8   0x08002cd8   0x00000060   Code   RO         2675    i.xiancan_chufeidian_lvbo_Fun  main.o
    0x08002d38   0x08002d38   0x00000066   Code   RO         2676    i.xiancan_zhongweizhipj_lvbo_Fun  main.o
    0x08002d9e   0x08002d9e   0x00000002   PAD
    0x08002da0   0x08002da0   0x00000020   Data   RO         3230    Region$$Table       anon$$obj.o


    Execution Region RW_IRAM2 (Exec base: 0x10000000, Load base: 0x08002e54, Size: 0x00000000, Max: 0x00010000, ABSOLUTE)

    **** No section assigned to this execution region ****


    Execution Region RW_IRAM1 (Exec base: 0x20000000, Load base: 0x08002dc0, Size: 0x00004fb0, Max: 0x00030000, ABSOLUTE)

    Exec Addr    Load Addr    Size         Type   Attr      Idx    E Section Name        Object

    0x20000000   0x08002dc0   0x00000010   Data   RW          288    .data               stm32f4xx_rcc.o
    0x20000010   0x08002dd0   0x00000068   Data   RW         2681    .data               main.o
    0x20000078   0x08002e38   0x00000004   Data   RW         2682    .data               main.o
    0x2000007c   0x08002e3c   0x00000004   Data   RW         2683    .data               main.o
    0x20000080   0x08002e40   0x00000002   Data   RW         2687    .data               main.o
    0x20000082   0x08002e42   0x00000002   Data   RW         2688    .data               main.o
    0x20000084   0x08002e44   0x00000001   Data   RW         2691    .data               main.o
    0x20000085   0x08002e45   0x00000001   PAD
    0x20000086   0x08002e46   0x00000002   Data   RW         2692    .data               main.o
    0x20000088   0x08002e48   0x00000004   Data   RW         2694    .data               main.o
    0x2000008c   0x08002e4c   0x00000004   Data   RW         2695    .data               main.o
    0x20000090   0x08002e50   0x00000004   Data   RW         2696    .data               main.o
    0x20000094        -       0x00001c98   Zero   RW         2677    .bss                main.o
    0x20001d2c        -       0x00000280   Zero   RW         2680    .bss                main.o
    0x20001fac   0x08002e54   0x00000004   PAD
    0x20001fb0        -       0x00003000   Zero   RW            1    STACK               startup_stm32f429_439xx.o


==============================================================================

Image component sizes


      Code (inc. data)   RO Data    RW Data    ZI Data      Debug   Object Name

       208         32          0          0          0       1330   bsp_dac.o
       846        142          0          0          0       3083   bsp_general_tim.o
       584         54          0          0          0       4554   bsp_rs232_usart.o
      1912         38          0          0          0       4861   bsp_sdram.o
       344         18          0          0          0        893   gpio.o
      3450        390          0        131       7960     292207   main.o
       124         16          0          0          0     315083   misc.o
        36          8        428          0      12288       1000   startup_stm32f429_439xx.o
       124         18          0          0          0       3452   stm32f4xx_dac.o
       716         20          0          0          0       6074   stm32f4xx_fmc.o
       164          0          0          0          0       3235   stm32f4xx_gpio.o
       276         40          0         16          0       5908   stm32f4xx_rcc.o
       204         28          0          0          0       4882   stm32f4xx_tim.o
       384          8          0          0          0       7701   stm32f4xx_usart.o
       304         34          0          0          0       1977   system_stm32f4xx.o

    ----------------------------------------------------------------------
      9684        846        460        148      20252     656240   Object Totals
         0          0         32          0          0          0   (incl. Generated)
         8          0          0          1          4          0   (incl. Padding)

    ----------------------------------------------------------------------

      Code (inc. data)   RO Data    RW Data    ZI Data      Debug   Library Member Name

         0          0          0          0          0          0   entry.o
         0          0          0          0          0          0   entry10a.o
         0          0          0          0          0          0   entry11a.o
         4          0          0          0          0          0   entry12b.o
         8          4          0          0          0          0   entry2.o
         4          0          0          0          0          0   entry5.o
         0          0          0          0          0          0   entry7b.o
         0          0          0          0          0          0   entry8b.o
         8          4          0          0          0          0   entry9a.o
        30          0          0          0          0          0   handlers.o
        36          8          0          0          0         68   init.o
         0          0          0          0          0          0   iusefp.o
        30          0          0          0          0         68   llshl.o
        36          0          0          0          0         68   llsshr.o
        32          0          0          0          0         68   llushr.o
        36          0          0          0          0         68   memcpya.o
        36          0          0          0          0        108   memseta.o
        48          0          0          0          0         68   cdcmple.o
        48          0          0          0          0         68   cdrcmple.o
        56          0          0          0          0         88   d2f.o
       334          0          0          0          0        148   dadd.o
       222          0          0          0          0        100   ddiv.o
       186          0          0          0          0        176   depilogue.o
        34          0          0          0          0         76   dflti.o
       228          0          0          0          0         96   dmul.o
        38          0          0          0          0         68   f2d.o
       110          0          0          0          0        168   fepilogue.o

    ----------------------------------------------------------------------
      1568         16          0          0          0       1504   Library Totals
         4          0          0          0          0          0   (incl. Padding)

    ----------------------------------------------------------------------

      Code (inc. data)   RO Data    RW Data    ZI Data      Debug   Library Name

       260         16          0          0          0        448   mc_w.l
      1304          0          0          0          0       1056   mf_w.l

    ----------------------------------------------------------------------
      1568         16          0          0          0       1504   Library Totals

    ----------------------------------------------------------------------

==============================================================================


      Code (inc. data)   RO Data    RW Data    ZI Data      Debug   

     11252        862        460        148      20252     650572   Grand Totals
     11252        862        460        148      20252     650572   ELF Image Totals
     11252        862        460        148          0          0   ROM Totals

==============================================================================

    Total RO  Size (Code + RO Data)                11712 (  11.44kB)
    Total RW  Size (RW Data + ZI Data)             20400 (  19.92kB)
    Total ROM Size (Code + RO Data + RW Data)      11860 (  11.58kB)

==============================================================================

